=== RUN   TestCacheClusterQueueOperations
=== RUN   TestCacheClusterQueueOperations/add
=== NAME  TestCacheClusterQueueOperations
    clusterqueue.go:229: "level"=3 "msg"="Updating status in cache" "clusterQueue"="a" "newStatus"="active" "oldStatus"=""
    clusterqueue.go:229: "level"=3 "msg"="Updating status in cache" "clusterQueue"="b" "newStatus"="active" "oldStatus"=""
    clusterqueue.go:229: "level"=3 "msg"="Updating status in cache" "clusterQueue"="c" "newStatus"="active" "oldStatus"=""
    clusterqueue.go:229: "level"=3 "msg"="Updating status in cache" "clusterQueue"="d" "newStatus"="active" "oldStatus"=""
    clusterqueue.go:229: "level"=3 "msg"="Updating status in cache" "clusterQueue"="e" "newStatus"="pending" "oldStatus"=""
    clusterqueue.go:229: "level"=3 "msg"="Updating status in cache" "clusterQueue"="f" "newStatus"="active" "oldStatus"=""
=== RUN   TestCacheClusterQueueOperations/add_ClusterQueue_with_preemption_policies
=== NAME  TestCacheClusterQueueOperations
    clusterqueue.go:229: "level"=3 "msg"="Updating status in cache" "clusterQueue"="foo" "newStatus"="active" "oldStatus"=""
=== RUN   TestCacheClusterQueueOperations/add_ClusterQueue_with_fair_sharing_weight
=== NAME  TestCacheClusterQueueOperations
    clusterqueue.go:229: "level"=3 "msg"="Updating status in cache" "clusterQueue"="foo" "newStatus"="active" "oldStatus"=""
=== RUN   TestCacheClusterQueueOperations/add_flavors_after_queue_capacities
=== NAME  TestCacheClusterQueueOperations
    clusterqueue.go:229: "level"=3 "msg"="Updating status in cache" "clusterQueue"="a" "newStatus"="pending" "oldStatus"=""
    clusterqueue.go:229: "level"=3 "msg"="Updating status in cache" "clusterQueue"="b" "newStatus"="pending" "oldStatus"=""
    clusterqueue.go:229: "level"=3 "msg"="Updating status in cache" "clusterQueue"="c" "newStatus"="active" "oldStatus"=""
    clusterqueue.go:229: "level"=3 "msg"="Updating status in cache" "clusterQueue"="d" "newStatus"="active" "oldStatus"=""
    clusterqueue.go:229: "level"=3 "msg"="Updating status in cache" "clusterQueue"="e" "newStatus"="pending" "oldStatus"=""
    clusterqueue.go:229: "level"=3 "msg"="Updating status in cache" "clusterQueue"="f" "newStatus"="active" "oldStatus"=""
=== NAME  TestCacheClusterQueueOperations/add_flavors_after_queue_capacities
    clusterqueue.go:229: "level"=3 "msg"="Updating status in cache" "clusterQueue"="a" "newStatus"="active" "oldStatus"="pending"
    clusterqueue.go:229: "level"=3 "msg"="Updating status in cache" "clusterQueue"="b" "newStatus"="active" "oldStatus"="pending"
=== RUN   TestCacheClusterQueueOperations/update
=== NAME  TestCacheClusterQueueOperations
    clusterqueue.go:229: "level"=3 "msg"="Updating status in cache" "clusterQueue"="a" "newStatus"="active" "oldStatus"=""
    clusterqueue.go:229: "level"=3 "msg"="Updating status in cache" "clusterQueue"="b" "newStatus"="active" "oldStatus"=""
    clusterqueue.go:229: "level"=3 "msg"="Updating status in cache" "clusterQueue"="c" "newStatus"="active" "oldStatus"=""
    clusterqueue.go:229: "level"=3 "msg"="Updating status in cache" "clusterQueue"="d" "newStatus"="active" "oldStatus"=""
    clusterqueue.go:229: "level"=3 "msg"="Updating status in cache" "clusterQueue"="e" "newStatus"="pending" "oldStatus"=""
    clusterqueue.go:229: "level"=3 "msg"="Updating status in cache" "clusterQueue"="f" "newStatus"="active" "oldStatus"=""
=== NAME  TestCacheClusterQueueOperations/update
    clusterqueue.go:229: "level"=3 "msg"="Updating status in cache" "clusterQueue"="e" "newStatus"="active" "oldStatus"="pending"
=== RUN   TestCacheClusterQueueOperations/shouldn't_delete_usage_resources_on_update_ClusterQueue
=== NAME  TestCacheClusterQueueOperations
    clusterqueue.go:229: "level"=3 "msg"="Updating status in cache" "clusterQueue"="a" "newStatus"="active" "oldStatus"=""
=== RUN   TestCacheClusterQueueOperations/implicit_Cohorts_created_and_deleted
=== NAME  TestCacheClusterQueueOperations
    clusterqueue.go:229: "level"=3 "msg"="Updating status in cache" "clusterQueue"="a" "newStatus"="active" "oldStatus"=""
    clusterqueue.go:229: "level"=3 "msg"="Updating status in cache" "clusterQueue"="b" "newStatus"="active" "oldStatus"=""
    clusterqueue.go:229: "level"=3 "msg"="Updating status in cache" "clusterQueue"="c" "newStatus"="active" "oldStatus"=""
    clusterqueue.go:229: "level"=3 "msg"="Updating status in cache" "clusterQueue"="d" "newStatus"="active" "oldStatus"=""
    clusterqueue.go:229: "level"=3 "msg"="Updating status in cache" "clusterQueue"="e" "newStatus"="pending" "oldStatus"=""
    clusterqueue.go:229: "level"=3 "msg"="Updating status in cache" "clusterQueue"="f" "newStatus"="active" "oldStatus"=""
=== RUN   TestCacheClusterQueueOperations/delete
=== NAME  TestCacheClusterQueueOperations
    clusterqueue.go:229: "level"=3 "msg"="Updating status in cache" "clusterQueue"="a" "newStatus"="active" "oldStatus"=""
    clusterqueue.go:229: "level"=3 "msg"="Updating status in cache" "clusterQueue"="b" "newStatus"="active" "oldStatus"=""
    clusterqueue.go:229: "level"=3 "msg"="Updating status in cache" "clusterQueue"="c" "newStatus"="active" "oldStatus"=""
    clusterqueue.go:229: "level"=3 "msg"="Updating status in cache" "clusterQueue"="d" "newStatus"="active" "oldStatus"=""
    clusterqueue.go:229: "level"=3 "msg"="Updating status in cache" "clusterQueue"="e" "newStatus"="pending" "oldStatus"=""
    clusterqueue.go:229: "level"=3 "msg"="Updating status in cache" "clusterQueue"="f" "newStatus"="active" "oldStatus"=""
=== RUN   TestCacheClusterQueueOperations/add_resource_flavors
=== NAME  TestCacheClusterQueueOperations
    clusterqueue.go:229: "level"=3 "msg"="Updating status in cache" "clusterQueue"="a" "newStatus"="active" "oldStatus"=""
    clusterqueue.go:229: "level"=3 "msg"="Updating status in cache" "clusterQueue"="b" "newStatus"="active" "oldStatus"=""
    clusterqueue.go:229: "level"=3 "msg"="Updating status in cache" "clusterQueue"="c" "newStatus"="active" "oldStatus"=""
    clusterqueue.go:229: "level"=3 "msg"="Updating status in cache" "clusterQueue"="d" "newStatus"="active" "oldStatus"=""
    clusterqueue.go:229: "level"=3 "msg"="Updating status in cache" "clusterQueue"="e" "newStatus"="pending" "oldStatus"=""
    clusterqueue.go:229: "level"=3 "msg"="Updating status in cache" "clusterQueue"="f" "newStatus"="active" "oldStatus"=""
=== NAME  TestCacheClusterQueueOperations/add_resource_flavors
    clusterqueue.go:229: "level"=3 "msg"="Updating status in cache" "clusterQueue"="e" "newStatus"="active" "oldStatus"="pending"
=== RUN   TestCacheClusterQueueOperations/Add_ClusterQueue_with_multiple_resource_groups
=== NAME  TestCacheClusterQueueOperations
    clusterqueue.go:229: "level"=3 "msg"="Updating status in cache" "clusterQueue"="foo" "newStatus"="pending" "oldStatus"=""
=== RUN   TestCacheClusterQueueOperations/add_cluster_queue_with_missing_check
=== NAME  TestCacheClusterQueueOperations
    clusterqueue.go:229: "level"=3 "msg"="Updating status in cache" "clusterQueue"="foo" "newStatus"="active" "oldStatus"=""
    clusterqueue.go:229: "level"=3 "msg"="Updating status in cache" "clusterQueue"="foo" "newStatus"="pending" "oldStatus"="active"
=== RUN   TestCacheClusterQueueOperations/add_check_after_queue_creation
=== NAME  TestCacheClusterQueueOperations
    clusterqueue.go:229: "level"=3 "msg"="Updating status in cache" "clusterQueue"="foo" "newStatus"="active" "oldStatus"=""
    clusterqueue.go:229: "level"=3 "msg"="Updating status in cache" "clusterQueue"="foo" "newStatus"="pending" "oldStatus"="active"
=== NAME  TestCacheClusterQueueOperations/add_check_after_queue_creation
    clusterqueue.go:229: "level"=3 "msg"="Updating status in cache" "clusterQueue"="foo" "newStatus"="active" "oldStatus"="pending"
=== RUN   TestCacheClusterQueueOperations/remove_check_after_queue_creation
=== NAME  TestCacheClusterQueueOperations
    clusterqueue.go:229: "level"=3 "msg"="Updating status in cache" "clusterQueue"="foo" "newStatus"="active" "oldStatus"=""
=== NAME  TestCacheClusterQueueOperations/remove_check_after_queue_creation
    clusterqueue.go:229: "level"=3 "msg"="Updating status in cache" "clusterQueue"="foo" "newStatus"="pending" "oldStatus"="active"
=== RUN   TestCacheClusterQueueOperations/inactivate_check_after_queue_creation
=== NAME  TestCacheClusterQueueOperations
    clusterqueue.go:229: "level"=3 "msg"="Updating status in cache" "clusterQueue"="foo" "newStatus"="active" "oldStatus"=""
=== NAME  TestCacheClusterQueueOperations/inactivate_check_after_queue_creation
    clusterqueue.go:229: "level"=3 "msg"="Updating status in cache" "clusterQueue"="foo" "newStatus"="pending" "oldStatus"="active"
=== RUN   TestCacheClusterQueueOperations/add_cluster_queue_after_finished_workloads
=== NAME  TestCacheClusterQueueOperations
    clusterqueue.go:229: "level"=3 "msg"="Updating status in cache" "clusterQueue"="cq1" "newStatus"="active" "oldStatus"=""
=== RUN   TestCacheClusterQueueOperations/add_CQ_with_multiple_resource_groups_and_flavors
=== NAME  TestCacheClusterQueueOperations
    clusterqueue.go:229: "level"=3 "msg"="Updating status in cache" "clusterQueue"="foo" "newStatus"="pending" "oldStatus"=""
=== RUN   TestCacheClusterQueueOperations/should_not_populate_the_fields_with_lendingLimit_when_feature_disabled
=== NAME  TestCacheClusterQueueOperations
    clusterqueue.go:229: "level"=3 "msg"="Updating status in cache" "clusterQueue"="foo" "newStatus"="pending" "oldStatus"=""
=== RUN   TestCacheClusterQueueOperations/create_cohort
=== RUN   TestCacheClusterQueueOperations/create_and_delete_cohort
=== RUN   TestCacheClusterQueueOperations/cohort_remains_after_deletion_when_child_exists
=== NAME  TestCacheClusterQueueOperations
    clusterqueue.go:229: "level"=3 "msg"="Updating status in cache" "clusterQueue"="cq" "newStatus"="active" "oldStatus"=""
--- PASS: TestCacheClusterQueueOperations (0.13s)
    --- PASS: TestCacheClusterQueueOperations/add (0.07s)
    --- PASS: TestCacheClusterQueueOperations/add_ClusterQueue_with_preemption_policies (0.00s)
    --- PASS: TestCacheClusterQueueOperations/add_ClusterQueue_with_fair_sharing_weight (0.00s)
    --- PASS: TestCacheClusterQueueOperations/add_flavors_after_queue_capacities (0.00s)
    --- PASS: TestCacheClusterQueueOperations/update (0.00s)
    --- PASS: TestCacheClusterQueueOperations/shouldn't_delete_usage_resources_on_update_ClusterQueue (0.00s)
    --- PASS: TestCacheClusterQueueOperations/implicit_Cohorts_created_and_deleted (0.00s)
    --- PASS: TestCacheClusterQueueOperations/delete (0.00s)
    --- PASS: TestCacheClusterQueueOperations/add_resource_flavors (0.01s)
    --- PASS: TestCacheClusterQueueOperations/Add_ClusterQueue_with_multiple_resource_groups (0.00s)
    --- PASS: TestCacheClusterQueueOperations/add_cluster_queue_with_missing_check (0.00s)
    --- PASS: TestCacheClusterQueueOperations/add_check_after_queue_creation (0.00s)
    --- PASS: TestCacheClusterQueueOperations/remove_check_after_queue_creation (0.00s)
    --- PASS: TestCacheClusterQueueOperations/inactivate_check_after_queue_creation (0.00s)
    --- PASS: TestCacheClusterQueueOperations/add_cluster_queue_after_finished_workloads (0.00s)
    --- PASS: TestCacheClusterQueueOperations/add_CQ_with_multiple_resource_groups_and_flavors (0.00s)
    --- PASS: TestCacheClusterQueueOperations/should_not_populate_the_fields_with_lendingLimit_when_feature_disabled (0.00s)
    --- PASS: TestCacheClusterQueueOperations/create_cohort (0.00s)
    --- PASS: TestCacheClusterQueueOperations/create_and_delete_cohort (0.00s)
    --- PASS: TestCacheClusterQueueOperations/cohort_remains_after_deletion_when_child_exists (0.00s)
=== RUN   TestCacheWorkloadOperations
=== RUN   TestCacheWorkloadOperations/add
    clusterqueue.go:229: "level"=3 "msg"="Updating status in cache" "clusterQueue"="one" "newStatus"="pending" "oldStatus"=""
    clusterqueue.go:229: "level"=3 "msg"="Updating status in cache" "clusterQueue"="two" "newStatus"="pending" "oldStatus"=""
=== RUN   TestCacheWorkloadOperations/add_error_clusterQueue_doesn't_exist
    clusterqueue.go:229: "level"=3 "msg"="Updating status in cache" "clusterQueue"="one" "newStatus"="pending" "oldStatus"=""
    clusterqueue.go:229: "level"=3 "msg"="Updating status in cache" "clusterQueue"="two" "newStatus"="pending" "oldStatus"=""
=== RUN   TestCacheWorkloadOperations/add_already_exists
    clusterqueue.go:229: "level"=3 "msg"="Updating status in cache" "clusterQueue"="one" "newStatus"="pending" "oldStatus"=""
    clusterqueue.go:229: "level"=3 "msg"="Updating status in cache" "clusterQueue"="two" "newStatus"="pending" "oldStatus"=""
=== RUN   TestCacheWorkloadOperations/update_cluster_queue_for_a_workload
    clusterqueue.go:229: "level"=3 "msg"="Updating status in cache" "clusterQueue"="one" "newStatus"="pending" "oldStatus"=""
    clusterqueue.go:229: "level"=3 "msg"="Updating status in cache" "clusterQueue"="two" "newStatus"="pending" "oldStatus"=""
=== RUN   TestCacheWorkloadOperations/update_error_old_clusterQueue_doesn't_exist
    clusterqueue.go:229: "level"=3 "msg"="Updating status in cache" "clusterQueue"="one" "newStatus"="pending" "oldStatus"=""
    clusterqueue.go:229: "level"=3 "msg"="Updating status in cache" "clusterQueue"="two" "newStatus"="pending" "oldStatus"=""
=== RUN   TestCacheWorkloadOperations/update_error_new_clusterQueue_doesn't_exist
    clusterqueue.go:229: "level"=3 "msg"="Updating status in cache" "clusterQueue"="one" "newStatus"="pending" "oldStatus"=""
    clusterqueue.go:229: "level"=3 "msg"="Updating status in cache" "clusterQueue"="two" "newStatus"="pending" "oldStatus"=""
=== RUN   TestCacheWorkloadOperations/update_workload_which_doesn't_exist.
    clusterqueue.go:229: "level"=3 "msg"="Updating status in cache" "clusterQueue"="one" "newStatus"="pending" "oldStatus"=""
    clusterqueue.go:229: "level"=3 "msg"="Updating status in cache" "clusterQueue"="two" "newStatus"="pending" "oldStatus"=""
=== RUN   TestCacheWorkloadOperations/delete
    clusterqueue.go:229: "level"=3 "msg"="Updating status in cache" "clusterQueue"="one" "newStatus"="pending" "oldStatus"=""
    clusterqueue.go:229: "level"=3 "msg"="Updating status in cache" "clusterQueue"="two" "newStatus"="pending" "oldStatus"=""
=== RUN   TestCacheWorkloadOperations/delete_workload_with_cancelled_admission
    clusterqueue.go:229: "level"=3 "msg"="Updating status in cache" "clusterQueue"="one" "newStatus"="pending" "oldStatus"=""
    clusterqueue.go:229: "level"=3 "msg"="Updating status in cache" "clusterQueue"="two" "newStatus"="pending" "oldStatus"=""
=== RUN   TestCacheWorkloadOperations/attempt_deleting_non-existing_workload_with_cancelled_admission
    clusterqueue.go:229: "level"=3 "msg"="Updating status in cache" "clusterQueue"="one" "newStatus"="pending" "oldStatus"=""
    clusterqueue.go:229: "level"=3 "msg"="Updating status in cache" "clusterQueue"="two" "newStatus"="pending" "oldStatus"=""
=== RUN   TestCacheWorkloadOperations/delete_error_clusterQueue_doesn't_exist
    clusterqueue.go:229: "level"=3 "msg"="Updating status in cache" "clusterQueue"="one" "newStatus"="pending" "oldStatus"=""
    clusterqueue.go:229: "level"=3 "msg"="Updating status in cache" "clusterQueue"="two" "newStatus"="pending" "oldStatus"=""
=== RUN   TestCacheWorkloadOperations/delete_workload_which_doesn't_exist
    clusterqueue.go:229: "level"=3 "msg"="Updating status in cache" "clusterQueue"="one" "newStatus"="pending" "oldStatus"=""
    clusterqueue.go:229: "level"=3 "msg"="Updating status in cache" "clusterQueue"="two" "newStatus"="pending" "oldStatus"=""
=== RUN   TestCacheWorkloadOperations/assume
    clusterqueue.go:229: "level"=3 "msg"="Updating status in cache" "clusterQueue"="one" "newStatus"="pending" "oldStatus"=""
    clusterqueue.go:229: "level"=3 "msg"="Updating status in cache" "clusterQueue"="two" "newStatus"="pending" "oldStatus"=""
=== RUN   TestCacheWorkloadOperations/assume_error_clusterQueue_doesn't_exist
    clusterqueue.go:229: "level"=3 "msg"="Updating status in cache" "clusterQueue"="one" "newStatus"="pending" "oldStatus"=""
    clusterqueue.go:229: "level"=3 "msg"="Updating status in cache" "clusterQueue"="two" "newStatus"="pending" "oldStatus"=""
=== RUN   TestCacheWorkloadOperations/forget
    clusterqueue.go:229: "level"=3 "msg"="Updating status in cache" "clusterQueue"="one" "newStatus"="pending" "oldStatus"=""
    clusterqueue.go:229: "level"=3 "msg"="Updating status in cache" "clusterQueue"="two" "newStatus"="pending" "oldStatus"=""
=== RUN   TestCacheWorkloadOperations/forget_error_workload_is_not_assumed
    clusterqueue.go:229: "level"=3 "msg"="Updating status in cache" "clusterQueue"="one" "newStatus"="pending" "oldStatus"=""
    clusterqueue.go:229: "level"=3 "msg"="Updating status in cache" "clusterQueue"="two" "newStatus"="pending" "oldStatus"=""
=== RUN   TestCacheWorkloadOperations/add_assumed_workload
    clusterqueue.go:229: "level"=3 "msg"="Updating status in cache" "clusterQueue"="one" "newStatus"="pending" "oldStatus"=""
    clusterqueue.go:229: "level"=3 "msg"="Updating status in cache" "clusterQueue"="two" "newStatus"="pending" "oldStatus"=""
--- PASS: TestCacheWorkloadOperations (0.01s)
    --- PASS: TestCacheWorkloadOperations/add (0.00s)
    --- PASS: TestCacheWorkloadOperations/add_error_clusterQueue_doesn't_exist (0.00s)
    --- PASS: TestCacheWorkloadOperations/add_already_exists (0.00s)
    --- PASS: TestCacheWorkloadOperations/update_cluster_queue_for_a_workload (0.00s)
    --- PASS: TestCacheWorkloadOperations/update_error_old_clusterQueue_doesn't_exist (0.00s)
    --- PASS: TestCacheWorkloadOperations/update_error_new_clusterQueue_doesn't_exist (0.00s)
    --- PASS: TestCacheWorkloadOperations/update_workload_which_doesn't_exist. (0.00s)
    --- PASS: TestCacheWorkloadOperations/delete (0.00s)
    --- PASS: TestCacheWorkloadOperations/delete_workload_with_cancelled_admission (0.00s)
    --- PASS: TestCacheWorkloadOperations/attempt_deleting_non-existing_workload_with_cancelled_admission (0.00s)
    --- PASS: TestCacheWorkloadOperations/delete_error_clusterQueue_doesn't_exist (0.00s)
    --- PASS: TestCacheWorkloadOperations/delete_workload_which_doesn't_exist (0.00s)
    --- PASS: TestCacheWorkloadOperations/assume (0.00s)
    --- PASS: TestCacheWorkloadOperations/assume_error_clusterQueue_doesn't_exist (0.00s)
    --- PASS: TestCacheWorkloadOperations/forget (0.00s)
    --- PASS: TestCacheWorkloadOperations/forget_error_workload_is_not_assumed (0.00s)
    --- PASS: TestCacheWorkloadOperations/add_assumed_workload (0.00s)
=== RUN   TestClusterQueueUsage
=== RUN   TestClusterQueueUsage/clusterQueue_with_cohort;_multiple_borrowing
    clusterqueue.go:229: "level"=3 "msg"="Updating status in cache" "clusterQueue"="foo" "newStatus"="pending" "oldStatus"=""
=== RUN   TestClusterQueueUsage/clusterQueue_without_cohort;_multiple_borrowing
    clusterqueue.go:229: "level"=3 "msg"="Updating status in cache" "clusterQueue"="foo" "newStatus"="pending" "oldStatus"=""
=== RUN   TestClusterQueueUsage/clusterQueue_with_cohort;_partial_admission
    clusterqueue.go:229: "level"=3 "msg"="Updating status in cache" "clusterQueue"="foo" "newStatus"="pending" "oldStatus"=""
=== RUN   TestClusterQueueUsage/clusterQueue_without_cohort;_single,_admitted_no_borrowing
    clusterqueue.go:229: "level"=3 "msg"="Updating status in cache" "clusterQueue"="foo" "newStatus"="pending" "oldStatus"=""
--- PASS: TestClusterQueueUsage (0.01s)
    --- PASS: TestClusterQueueUsage/clusterQueue_with_cohort;_multiple_borrowing (0.00s)
    --- PASS: TestClusterQueueUsage/clusterQueue_without_cohort;_multiple_borrowing (0.00s)
    --- PASS: TestClusterQueueUsage/clusterQueue_with_cohort;_partial_admission (0.00s)
    --- PASS: TestClusterQueueUsage/clusterQueue_without_cohort;_single,_admitted_no_borrowing (0.00s)
=== RUN   TestLocalQueueUsage
=== RUN   TestLocalQueueUsage/clusterQueue_is_missing
=== RUN   TestLocalQueueUsage/workloads_is_nothing
    clusterqueue.go:229: "level"=3 "msg"="Updating status in cache" "clusterQueue"="foo" "newStatus"="pending" "oldStatus"=""
=== RUN   TestLocalQueueUsage/all_workloads_are_admitted
    clusterqueue.go:229: "level"=3 "msg"="Updating status in cache" "clusterQueue"="foo" "newStatus"="pending" "oldStatus"=""
=== RUN   TestLocalQueueUsage/some_workloads_are_inadmissible
    clusterqueue.go:229: "level"=3 "msg"="Updating status in cache" "clusterQueue"="foo" "newStatus"="pending" "oldStatus"=""
--- PASS: TestLocalQueueUsage (0.01s)
    --- PASS: TestLocalQueueUsage/clusterQueue_is_missing (0.00s)
    --- PASS: TestLocalQueueUsage/workloads_is_nothing (0.00s)
    --- PASS: TestLocalQueueUsage/all_workloads_are_admitted (0.00s)
    --- PASS: TestLocalQueueUsage/some_workloads_are_inadmissible (0.00s)
=== RUN   TestGetCacheLQ
=== RUN   TestGetCacheLQ/valid_LQ
    clusterqueue.go:229: "level"=3 "msg"="Updating status in cache" "clusterQueue"="cq" "newStatus"="pending" "oldStatus"=""
=== RUN   TestGetCacheLQ/LQ_doesnt_exist
    clusterqueue.go:229: "level"=3 "msg"="Updating status in cache" "clusterQueue"="cq" "newStatus"="pending" "oldStatus"=""
=== RUN   TestGetCacheLQ/CQ_doesnt_exist
    clusterqueue.go:229: "level"=3 "msg"="Updating status in cache" "clusterQueue"="cq" "newStatus"="pending" "oldStatus"=""
--- PASS: TestGetCacheLQ (0.01s)
    --- PASS: TestGetCacheLQ/valid_LQ (0.00s)
    --- PASS: TestGetCacheLQ/LQ_doesnt_exist (0.00s)
    --- PASS: TestGetCacheLQ/CQ_doesnt_exist (0.00s)
=== RUN   TestCacheQueueOperations
=== RUN   TestCacheQueueOperations/assume
    clusterqueue.go:229: "level"=3 "msg"="Updating status in cache" "clusterQueue"="foo" "newStatus"="pending" "oldStatus"=""
    clusterqueue.go:229: "level"=3 "msg"="Updating status in cache" "clusterQueue"="bar" "newStatus"="pending" "oldStatus"=""
=== RUN   TestCacheQueueOperations/delete_cq
    clusterqueue.go:229: "level"=3 "msg"="Updating status in cache" "clusterQueue"="foo" "newStatus"="pending" "oldStatus"=""
    clusterqueue.go:229: "level"=3 "msg"="Updating status in cache" "clusterQueue"="bar" "newStatus"="pending" "oldStatus"=""
=== RUN   TestCacheQueueOperations/delete_queue
    clusterqueue.go:229: "level"=3 "msg"="Updating status in cache" "clusterQueue"="foo" "newStatus"="pending" "oldStatus"=""
    clusterqueue.go:229: "level"=3 "msg"="Updating status in cache" "clusterQueue"="bar" "newStatus"="pending" "oldStatus"=""
=== RUN   TestCacheQueueOperations/insert_cqs,_queues,_workloads
    clusterqueue.go:229: "level"=3 "msg"="Updating status in cache" "clusterQueue"="foo" "newStatus"="pending" "oldStatus"=""
    clusterqueue.go:229: "level"=3 "msg"="Updating status in cache" "clusterQueue"="bar" "newStatus"="pending" "oldStatus"=""
=== RUN   TestCacheQueueOperations/insert_queues,_workloads_but_no_cqs
=== RUN   TestCacheQueueOperations/insert_cqs_last
    clusterqueue.go:229: "level"=3 "msg"="Updating status in cache" "clusterQueue"="foo" "newStatus"="pending" "oldStatus"=""
    clusterqueue.go:229: "level"=3 "msg"="Updating status in cache" "clusterQueue"="bar" "newStatus"="pending" "oldStatus"=""
=== RUN   TestCacheQueueOperations/assume_and_forget
    clusterqueue.go:229: "level"=3 "msg"="Updating status in cache" "clusterQueue"="foo" "newStatus"="pending" "oldStatus"=""
    clusterqueue.go:229: "level"=3 "msg"="Updating status in cache" "clusterQueue"="bar" "newStatus"="pending" "oldStatus"=""
=== RUN   TestCacheQueueOperations/delete_workload
    clusterqueue.go:229: "level"=3 "msg"="Updating status in cache" "clusterQueue"="foo" "newStatus"="pending" "oldStatus"=""
    clusterqueue.go:229: "level"=3 "msg"="Updating status in cache" "clusterQueue"="bar" "newStatus"="pending" "oldStatus"=""
=== RUN   TestCacheQueueOperations/insert_cqs,_workloads_but_no_queues
    clusterqueue.go:229: "level"=3 "msg"="Updating status in cache" "clusterQueue"="foo" "newStatus"="pending" "oldStatus"=""
    clusterqueue.go:229: "level"=3 "msg"="Updating status in cache" "clusterQueue"="bar" "newStatus"="pending" "oldStatus"=""
=== RUN   TestCacheQueueOperations/insert_queues_last
    clusterqueue.go:229: "level"=3 "msg"="Updating status in cache" "clusterQueue"="foo" "newStatus"="pending" "oldStatus"=""
    clusterqueue.go:229: "level"=3 "msg"="Updating status in cache" "clusterQueue"="bar" "newStatus"="pending" "oldStatus"=""
--- PASS: TestCacheQueueOperations (0.18s)
    --- PASS: TestCacheQueueOperations/assume (0.02s)
    --- PASS: TestCacheQueueOperations/delete_cq (0.02s)
    --- PASS: TestCacheQueueOperations/delete_queue (0.02s)
    --- PASS: TestCacheQueueOperations/insert_cqs,_queues,_workloads (0.02s)
    --- PASS: TestCacheQueueOperations/insert_queues,_workloads_but_no_cqs (0.02s)
    --- PASS: TestCacheQueueOperations/insert_cqs_last (0.02s)
    --- PASS: TestCacheQueueOperations/assume_and_forget (0.01s)
    --- PASS: TestCacheQueueOperations/delete_workload (0.02s)
    --- PASS: TestCacheQueueOperations/insert_cqs,_workloads_but_no_queues (0.01s)
    --- PASS: TestCacheQueueOperations/insert_queues_last (0.02s)
=== RUN   TestClusterQueuesUsingFlavor
=== RUN   TestClusterQueuesUsingFlavor/single_clusterQueue_with_flavor_in_use
    clusterqueue.go:229: "level"=3 "msg"="Updating status in cache" "clusterQueue"="fooCq" "newStatus"="active" "oldStatus"=""
=== RUN   TestClusterQueuesUsingFlavor/single_clusterQueue_with_no_flavor
    clusterqueue.go:229: "level"=3 "msg"="Updating status in cache" "clusterQueue"="barCq" "newStatus"="active" "oldStatus"=""
=== RUN   TestClusterQueuesUsingFlavor/multiple_clusterQueues_with_flavor_in_use
    clusterqueue.go:229: "level"=3 "msg"="Updating status in cache" "clusterQueue"="fooCq" "newStatus"="active" "oldStatus"=""
    clusterqueue.go:229: "level"=3 "msg"="Updating status in cache" "clusterQueue"="barCq" "newStatus"="active" "oldStatus"=""
    clusterqueue.go:229: "level"=3 "msg"="Updating status in cache" "clusterQueue"="fizzCq" "newStatus"="active" "oldStatus"=""
--- PASS: TestClusterQueuesUsingFlavor (0.01s)
    --- PASS: TestClusterQueuesUsingFlavor/single_clusterQueue_with_flavor_in_use (0.00s)
    --- PASS: TestClusterQueuesUsingFlavor/single_clusterQueue_with_no_flavor (0.00s)
    --- PASS: TestClusterQueuesUsingFlavor/multiple_clusterQueues_with_flavor_in_use (0.00s)
=== RUN   TestMatchingClusterQueues
    clusterqueue.go:229: "level"=3 "msg"="Updating status in cache" "clusterQueue"="matching1" "newStatus"="active" "oldStatus"=""
    clusterqueue.go:229: "level"=3 "msg"="Updating status in cache" "clusterQueue"="not-matching" "newStatus"="active" "oldStatus"=""
    clusterqueue.go:229: "level"=3 "msg"="Updating status in cache" "clusterQueue"="matching2" "newStatus"="active" "oldStatus"=""
--- PASS: TestMatchingClusterQueues (0.00s)
=== RUN   TestWaitForPodsReadyCancelled
    clusterqueue.go:229: "level"=3 "msg"="Updating status in cache" "clusterQueue"="one" "newStatus"="active" "oldStatus"=""
    cache.go:203: "level"=3 "msg"="There is a ClusterQueue with not ready workloads" "clusterQueue"={"name"="one"}
    cache.go:203: "level"=3 "msg"="There is a ClusterQueue with not ready workloads" "clusterQueue"={"name"="one"}
    cache.go:179: "level"=3 "msg"="Blocking admission as not all workloads are in the PodsReady condition"
    cache.go:203: "level"=3 "msg"="There is a ClusterQueue with not ready workloads" "clusterQueue"={"name"="one"}
    cache.go:179: "level"=3 "msg"="Blocking admission as not all workloads are in the PodsReady condition"
--- PASS: TestWaitForPodsReadyCancelled (0.00s)
=== RUN   TestCachePodsReadyForAllAdmittedWorkloads
=== RUN   TestCachePodsReadyForAllAdmittedWorkloads/empty_cache
    clusterqueue.go:229: "level"=3 "msg"="Updating status in cache" "clusterQueue"="one" "newStatus"="active" "oldStatus"=""
    clusterqueue.go:229: "level"=3 "msg"="Updating status in cache" "clusterQueue"="two" "newStatus"="active" "oldStatus"=""
=== RUN   TestCachePodsReadyForAllAdmittedWorkloads/add_Workload_without_PodsReady_condition
    clusterqueue.go:229: "level"=3 "msg"="Updating status in cache" "clusterQueue"="one" "newStatus"="active" "oldStatus"=""
    clusterqueue.go:229: "level"=3 "msg"="Updating status in cache" "clusterQueue"="two" "newStatus"="active" "oldStatus"=""
    cache.go:203: "level"=3 "msg"="There is a ClusterQueue with not ready workloads" "clusterQueue"={"name"="one"}
=== RUN   TestCachePodsReadyForAllAdmittedWorkloads/add_Workload_with_PodsReady=False
    clusterqueue.go:229: "level"=3 "msg"="Updating status in cache" "clusterQueue"="one" "newStatus"="active" "oldStatus"=""
    clusterqueue.go:229: "level"=3 "msg"="Updating status in cache" "clusterQueue"="two" "newStatus"="active" "oldStatus"=""
    cache.go:203: "level"=3 "msg"="There is a ClusterQueue with not ready workloads" "clusterQueue"={"name"="one"}
=== RUN   TestCachePodsReadyForAllAdmittedWorkloads/add_Workload_with_PodsReady=True
    clusterqueue.go:229: "level"=3 "msg"="Updating status in cache" "clusterQueue"="one" "newStatus"="active" "oldStatus"=""
    clusterqueue.go:229: "level"=3 "msg"="Updating status in cache" "clusterQueue"="two" "newStatus"="active" "oldStatus"=""
=== RUN   TestCachePodsReadyForAllAdmittedWorkloads/assume_Workload_without_PodsReady_condition
    clusterqueue.go:229: "level"=3 "msg"="Updating status in cache" "clusterQueue"="one" "newStatus"="active" "oldStatus"=""
    clusterqueue.go:229: "level"=3 "msg"="Updating status in cache" "clusterQueue"="two" "newStatus"="active" "oldStatus"=""
    cache.go:203: "level"=3 "msg"="There is a ClusterQueue with not ready workloads" "clusterQueue"={"name"="one"}
=== RUN   TestCachePodsReadyForAllAdmittedWorkloads/assume_Workload_with_PodsReady=False
    clusterqueue.go:229: "level"=3 "msg"="Updating status in cache" "clusterQueue"="one" "newStatus"="active" "oldStatus"=""
    clusterqueue.go:229: "level"=3 "msg"="Updating status in cache" "clusterQueue"="two" "newStatus"="active" "oldStatus"=""
    cache.go:203: "level"=3 "msg"="There is a ClusterQueue with not ready workloads" "clusterQueue"={"name"="one"}
=== RUN   TestCachePodsReadyForAllAdmittedWorkloads/assume_Workload_with_PodsReady=True
    clusterqueue.go:229: "level"=3 "msg"="Updating status in cache" "clusterQueue"="one" "newStatus"="active" "oldStatus"=""
    clusterqueue.go:229: "level"=3 "msg"="Updating status in cache" "clusterQueue"="two" "newStatus"="active" "oldStatus"=""
=== RUN   TestCachePodsReadyForAllAdmittedWorkloads/update_workload_to_have_PodsReady=True
    clusterqueue.go:229: "level"=3 "msg"="Updating status in cache" "clusterQueue"="one" "newStatus"="active" "oldStatus"=""
    clusterqueue.go:229: "level"=3 "msg"="Updating status in cache" "clusterQueue"="two" "newStatus"="active" "oldStatus"=""
=== RUN   TestCachePodsReadyForAllAdmittedWorkloads/update_workload_to_have_PodsReady=False
    clusterqueue.go:229: "level"=3 "msg"="Updating status in cache" "clusterQueue"="one" "newStatus"="active" "oldStatus"=""
    clusterqueue.go:229: "level"=3 "msg"="Updating status in cache" "clusterQueue"="two" "newStatus"="active" "oldStatus"=""
    cache.go:203: "level"=3 "msg"="There is a ClusterQueue with not ready workloads" "clusterQueue"={"name"="one"}
=== RUN   TestCachePodsReadyForAllAdmittedWorkloads/assume_second_workload_without_PodsReady
    clusterqueue.go:229: "level"=3 "msg"="Updating status in cache" "clusterQueue"="one" "newStatus"="active" "oldStatus"=""
    clusterqueue.go:229: "level"=3 "msg"="Updating status in cache" "clusterQueue"="two" "newStatus"="active" "oldStatus"=""
    cache.go:203: "level"=3 "msg"="There is a ClusterQueue with not ready workloads" "clusterQueue"={"name"="two"}
=== RUN   TestCachePodsReadyForAllAdmittedWorkloads/update_second_workload_to_have_PodsReady=True
    clusterqueue.go:229: "level"=3 "msg"="Updating status in cache" "clusterQueue"="one" "newStatus"="active" "oldStatus"=""
    clusterqueue.go:229: "level"=3 "msg"="Updating status in cache" "clusterQueue"="two" "newStatus"="active" "oldStatus"=""
=== RUN   TestCachePodsReadyForAllAdmittedWorkloads/delete_workload_with_PodsReady=False
    clusterqueue.go:229: "level"=3 "msg"="Updating status in cache" "clusterQueue"="one" "newStatus"="active" "oldStatus"=""
    clusterqueue.go:229: "level"=3 "msg"="Updating status in cache" "clusterQueue"="two" "newStatus"="active" "oldStatus"=""
=== RUN   TestCachePodsReadyForAllAdmittedWorkloads/forget_workload_with_PodsReady=False
    clusterqueue.go:229: "level"=3 "msg"="Updating status in cache" "clusterQueue"="one" "newStatus"="active" "oldStatus"=""
    clusterqueue.go:229: "level"=3 "msg"="Updating status in cache" "clusterQueue"="two" "newStatus"="active" "oldStatus"=""
--- PASS: TestCachePodsReadyForAllAdmittedWorkloads (0.00s)
    --- PASS: TestCachePodsReadyForAllAdmittedWorkloads/empty_cache (0.00s)
    --- PASS: TestCachePodsReadyForAllAdmittedWorkloads/add_Workload_without_PodsReady_condition (0.00s)
    --- PASS: TestCachePodsReadyForAllAdmittedWorkloads/add_Workload_with_PodsReady=False (0.00s)
    --- PASS: TestCachePodsReadyForAllAdmittedWorkloads/add_Workload_with_PodsReady=True (0.00s)
    --- PASS: TestCachePodsReadyForAllAdmittedWorkloads/assume_Workload_without_PodsReady_condition (0.00s)
    --- PASS: TestCachePodsReadyForAllAdmittedWorkloads/assume_Workload_with_PodsReady=False (0.00s)
    --- PASS: TestCachePodsReadyForAllAdmittedWorkloads/assume_Workload_with_PodsReady=True (0.00s)
    --- PASS: TestCachePodsReadyForAllAdmittedWorkloads/update_workload_to_have_PodsReady=True (0.00s)
    --- PASS: TestCachePodsReadyForAllAdmittedWorkloads/update_workload_to_have_PodsReady=False (0.00s)
    --- PASS: TestCachePodsReadyForAllAdmittedWorkloads/assume_second_workload_without_PodsReady (0.00s)
    --- PASS: TestCachePodsReadyForAllAdmittedWorkloads/update_second_workload_to_have_PodsReady=True (0.00s)
    --- PASS: TestCachePodsReadyForAllAdmittedWorkloads/delete_workload_with_PodsReady=False (0.00s)
    --- PASS: TestCachePodsReadyForAllAdmittedWorkloads/forget_workload_with_PodsReady=False (0.00s)
=== RUN   TestIsAssumedOrAdmittedCheckWorkload
=== RUN   TestIsAssumedOrAdmittedCheckWorkload/Workload_Is_Assumed_and_not_Admitted
=== RUN   TestIsAssumedOrAdmittedCheckWorkload/Workload_Is_not_Assumed_but_is_Admitted
=== RUN   TestIsAssumedOrAdmittedCheckWorkload/Workload_Is_Assumed_and_Admitted
=== RUN   TestIsAssumedOrAdmittedCheckWorkload/Workload_Is_not_Assumed_and_is_not_Admitted
--- PASS: TestIsAssumedOrAdmittedCheckWorkload (0.01s)
    --- PASS: TestIsAssumedOrAdmittedCheckWorkload/Workload_Is_Assumed_and_not_Admitted (0.00s)
    --- PASS: TestIsAssumedOrAdmittedCheckWorkload/Workload_Is_not_Assumed_but_is_Admitted (0.00s)
    --- PASS: TestIsAssumedOrAdmittedCheckWorkload/Workload_Is_Assumed_and_Admitted (0.00s)
    --- PASS: TestIsAssumedOrAdmittedCheckWorkload/Workload_Is_not_Assumed_and_is_not_Admitted (0.00s)
=== RUN   TestClusterQueuesUsingAdmissionChecks
=== RUN   TestClusterQueuesUsingAdmissionChecks/single_clusterQueue_with_check_in_use
    clusterqueue.go:229: "level"=3 "msg"="Updating status in cache" "clusterQueue"="fooCq" "newStatus"="active" "oldStatus"=""
    clusterqueue.go:229: "level"=3 "msg"="Updating status in cache" "clusterQueue"="fooCq" "newStatus"="pending" "oldStatus"="active"
=== RUN   TestClusterQueuesUsingAdmissionChecks/single_clusterQueue_with_AdmissionCheckStrategy_in_use
    clusterqueue.go:229: "level"=3 "msg"="Updating status in cache" "clusterQueue"="strategyCq" "newStatus"="active" "oldStatus"=""
    clusterqueue.go:229: "level"=3 "msg"="Updating status in cache" "clusterQueue"="strategyCq" "newStatus"="pending" "oldStatus"="active"
=== RUN   TestClusterQueuesUsingAdmissionChecks/single_clusterQueue_with_no_checks
    clusterqueue.go:229: "level"=3 "msg"="Updating status in cache" "clusterQueue"="barCq" "newStatus"="active" "oldStatus"=""
=== RUN   TestClusterQueuesUsingAdmissionChecks/multiple_clusterQueues_with_checks_in_use
    clusterqueue.go:229: "level"=3 "msg"="Updating status in cache" "clusterQueue"="fooCq" "newStatus"="active" "oldStatus"=""
    clusterqueue.go:229: "level"=3 "msg"="Updating status in cache" "clusterQueue"="fooCq" "newStatus"="pending" "oldStatus"="active"
    clusterqueue.go:229: "level"=3 "msg"="Updating status in cache" "clusterQueue"="barCq" "newStatus"="active" "oldStatus"=""
    clusterqueue.go:229: "level"=3 "msg"="Updating status in cache" "clusterQueue"="fizzCq" "newStatus"="active" "oldStatus"=""
    clusterqueue.go:229: "level"=3 "msg"="Updating status in cache" "clusterQueue"="fizzCq" "newStatus"="pending" "oldStatus"="active"
    clusterqueue.go:229: "level"=3 "msg"="Updating status in cache" "clusterQueue"="strategyCq" "newStatus"="active" "oldStatus"=""
    clusterqueue.go:229: "level"=3 "msg"="Updating status in cache" "clusterQueue"="strategyCq" "newStatus"="pending" "oldStatus"="active"
--- PASS: TestClusterQueuesUsingAdmissionChecks (0.01s)
    --- PASS: TestClusterQueuesUsingAdmissionChecks/single_clusterQueue_with_check_in_use (0.00s)
    --- PASS: TestClusterQueuesUsingAdmissionChecks/single_clusterQueue_with_AdmissionCheckStrategy_in_use (0.00s)
    --- PASS: TestClusterQueuesUsingAdmissionChecks/single_clusterQueue_with_no_checks (0.00s)
    --- PASS: TestClusterQueuesUsingAdmissionChecks/multiple_clusterQueues_with_checks_in_use (0.00s)
=== RUN   TestClusterQueueReadiness
=== RUN   TestClusterQueueReadiness/terminating
    clusterqueue.go:229: "level"=3 "msg"="Updating status in cache" "clusterQueue"="queue1" "newStatus"="active" "oldStatus"=""
=== RUN   TestClusterQueueReadiness/ready
    clusterqueue.go:229: "level"=3 "msg"="Updating status in cache" "clusterQueue"="queue1" "newStatus"="active" "oldStatus"=""
=== RUN   TestClusterQueueReadiness/stopped
    clusterqueue.go:229: "level"=3 "msg"="Updating status in cache" "clusterQueue"="queue1" "newStatus"="pending" "oldStatus"=""
=== RUN   TestClusterQueueReadiness/queue_not_found
=== RUN   TestClusterQueueReadiness/flavor_not_found
    clusterqueue.go:229: "level"=3 "msg"="Updating status in cache" "clusterQueue"="queue1" "newStatus"="pending" "oldStatus"=""
=== RUN   TestClusterQueueReadiness/check_not_found
    clusterqueue.go:229: "level"=3 "msg"="Updating status in cache" "clusterQueue"="queue1" "newStatus"="active" "oldStatus"=""
    clusterqueue.go:229: "level"=3 "msg"="Updating status in cache" "clusterQueue"="queue1" "newStatus"="pending" "oldStatus"="active"
=== RUN   TestClusterQueueReadiness/check_inactive
    clusterqueue.go:229: "level"=3 "msg"="Updating status in cache" "clusterQueue"="queue1" "newStatus"="active" "oldStatus"=""
    clusterqueue.go:229: "level"=3 "msg"="Updating status in cache" "clusterQueue"="queue1" "newStatus"="pending" "oldStatus"="active"
=== RUN   TestClusterQueueReadiness/flavor_and_check_not_found
    clusterqueue.go:229: "level"=3 "msg"="Updating status in cache" "clusterQueue"="queue1" "newStatus"="pending" "oldStatus"=""
--- PASS: TestClusterQueueReadiness (0.02s)
    --- PASS: TestClusterQueueReadiness/terminating (0.00s)
    --- PASS: TestClusterQueueReadiness/ready (0.00s)
    --- PASS: TestClusterQueueReadiness/stopped (0.00s)
    --- PASS: TestClusterQueueReadiness/queue_not_found (0.00s)
    --- PASS: TestClusterQueueReadiness/flavor_not_found (0.00s)
    --- PASS: TestClusterQueueReadiness/check_not_found (0.00s)
    --- PASS: TestClusterQueueReadiness/check_inactive (0.00s)
    --- PASS: TestClusterQueueReadiness/flavor_and_check_not_found (0.00s)
=== RUN   TestCohortCycles
=== RUN   TestCohortCycles/self_cycle
=== RUN   TestCohortCycles/simple_cycle
=== RUN   TestCohortCycles/clusterqueue_add_and_update_return_error_when_cohort_has_cycle
    clusterqueue.go:229: "level"=3 "msg"="Updating status in cache" "clusterQueue"="cq" "newStatus"="active" "oldStatus"=""
=== RUN   TestCohortCycles/clusterqueue_leaving_cohort_with_cycle_successfully_updates_new_cohort
    clusterqueue.go:229: "level"=3 "msg"="Updating status in cache" "clusterQueue"="cq" "newStatus"="pending" "oldStatus"=""
=== RUN   TestCohortCycles/clusterqueue_joining_cohort_with_cycle_successfully_updates_old_cohort
    clusterqueue.go:229: "level"=3 "msg"="Updating status in cache" "clusterQueue"="cq" "newStatus"="pending" "oldStatus"=""
=== RUN   TestCohortCycles/cohort_switching_cohorts_updates_both_cohort_trees
=== RUN   TestCohortCycles/cohort_leaving_cohort_with_cycle_successfully_updates_new_cohort
=== RUN   TestCohortCycles/cohort_joining_cohort_with_cycle_successfully_updates_old_cohort
--- PASS: TestCohortCycles (0.02s)
    --- PASS: TestCohortCycles/self_cycle (0.00s)
    --- PASS: TestCohortCycles/simple_cycle (0.00s)
    --- PASS: TestCohortCycles/clusterqueue_add_and_update_return_error_when_cohort_has_cycle (0.00s)
    --- PASS: TestCohortCycles/clusterqueue_leaving_cohort_with_cycle_successfully_updates_new_cohort (0.00s)
    --- PASS: TestCohortCycles/clusterqueue_joining_cohort_with_cycle_successfully_updates_old_cohort (0.00s)
    --- PASS: TestCohortCycles/cohort_switching_cohorts_updates_both_cohort_trees (0.00s)
    --- PASS: TestCohortCycles/cohort_leaving_cohort_with_cycle_successfully_updates_new_cohort (0.00s)
    --- PASS: TestCohortCycles/cohort_joining_cohort_with_cycle_successfully_updates_old_cohort (0.00s)
=== RUN   TestSnapshotError
    clusterqueue.go:229: "level"=3 "msg"="Updating status in cache" "clusterQueue"="cq" "newStatus"="active" "oldStatus"=""
--- PASS: TestSnapshotError (0.00s)
=== RUN   TestClusterQueueAncestors
=== RUN   TestClusterQueueAncestors/two_level
=== RUN   TestClusterQueueAncestors/three_levels
=== RUN   TestClusterQueueAncestors/with_cycle
=== RUN   TestClusterQueueAncestors/without_cohort
=== RUN   TestClusterQueueAncestors/cohort_not_found
=== RUN   TestClusterQueueAncestors/one_level
--- PASS: TestClusterQueueAncestors (0.02s)
    --- PASS: TestClusterQueueAncestors/two_level (0.00s)
    --- PASS: TestClusterQueueAncestors/three_levels (0.00s)
    --- PASS: TestClusterQueueAncestors/with_cycle (0.00s)
    --- PASS: TestClusterQueueAncestors/without_cohort (0.00s)
    --- PASS: TestClusterQueueAncestors/cohort_not_found (0.00s)
    --- PASS: TestClusterQueueAncestors/one_level (0.00s)
=== RUN   TestClusterQueueUpdateWithFlavors
=== RUN   TestClusterQueueUpdateWithFlavors/Pending_clusterQueue_updated_existent_flavors
    clusterqueue.go:229: "level"=3 "msg"="Updating status in cache" "clusterQueue"="cq" "newStatus"="pending" "oldStatus"=""
    clusterqueue.go:229: "level"=3 "msg"="Updating status in cache" "clusterQueue"="cq" "newStatus"="active" "oldStatus"="pending"
=== RUN   TestClusterQueueUpdateWithFlavors/Active_clusterQueue_updated_with_not_found_flavors
    clusterqueue.go:229: "level"=3 "msg"="Updating status in cache" "clusterQueue"="cq" "newStatus"="pending" "oldStatus"=""
    clusterqueue.go:229: "level"=3 "msg"="Updating status in cache" "clusterQueue"="cq" "newStatus"="pending" "oldStatus"="active"
=== RUN   TestClusterQueueUpdateWithFlavors/Terminating_clusterQueue_updated_with_existent_flavors
    clusterqueue.go:229: "level"=3 "msg"="Updating status in cache" "clusterQueue"="cq" "newStatus"="pending" "oldStatus"=""
=== RUN   TestClusterQueueUpdateWithFlavors/Terminating_clusterQueue_updated_with_not_found_flavors
    clusterqueue.go:229: "level"=3 "msg"="Updating status in cache" "clusterQueue"="cq" "newStatus"="pending" "oldStatus"=""
--- PASS: TestClusterQueueUpdateWithFlavors (0.01s)
    --- PASS: TestClusterQueueUpdateWithFlavors/Pending_clusterQueue_updated_existent_flavors (0.00s)
    --- PASS: TestClusterQueueUpdateWithFlavors/Active_clusterQueue_updated_with_not_found_flavors (0.00s)
    --- PASS: TestClusterQueueUpdateWithFlavors/Terminating_clusterQueue_updated_with_existent_flavors (0.00s)
    --- PASS: TestClusterQueueUpdateWithFlavors/Terminating_clusterQueue_updated_with_not_found_flavors (0.00s)
=== RUN   TestClusterQueueUpdate
=== RUN   TestClusterQueueUpdate/RGs_not_change
    clusterqueue.go:229: "level"=3 "msg"="Updating status in cache" "clusterQueue"="eng-alpha" "newStatus"="active" "oldStatus"=""
=== RUN   TestClusterQueueUpdate/RGs_changed
    clusterqueue.go:229: "level"=3 "msg"="Updating status in cache" "clusterQueue"="eng-alpha" "newStatus"="active" "oldStatus"=""
--- PASS: TestClusterQueueUpdate (0.00s)
    --- PASS: TestClusterQueueUpdate/RGs_not_change (0.00s)
    --- PASS: TestClusterQueueUpdate/RGs_changed (0.00s)
=== RUN   TestClusterQueueUpdateWithAdmissionCheck
=== RUN   TestClusterQueueUpdateWithAdmissionCheck/Pending_clusterQueue_updated_valid_AC_list
    clusterqueue.go:229: "level"=3 "msg"="Updating status in cache" "clusterQueue"="cq" "newStatus"="active" "oldStatus"=""
    clusterqueue.go:229: "level"=3 "msg"="Updating status in cache" "clusterQueue"="cq" "newStatus"="pending" "oldStatus"="active"
    clusterqueue.go:229: "level"=3 "msg"="Updating status in cache" "clusterQueue"="cq" "newStatus"="active" "oldStatus"="pending"
=== RUN   TestClusterQueueUpdateWithAdmissionCheck/Pending_clusterQueue_with_an_AC_strategy_updated_valid_AC_list
    clusterqueue.go:229: "level"=3 "msg"="Updating status in cache" "clusterQueue"="cq2" "newStatus"="active" "oldStatus"=""
    clusterqueue.go:229: "level"=3 "msg"="Updating status in cache" "clusterQueue"="cq2" "newStatus"="pending" "oldStatus"="active"
    clusterqueue.go:229: "level"=3 "msg"="Updating status in cache" "clusterQueue"="cq2" "newStatus"="active" "oldStatus"="pending"
=== RUN   TestClusterQueueUpdateWithAdmissionCheck/Active_clusterQueue_updated_with_not_found_AC
    clusterqueue.go:229: "level"=3 "msg"="Updating status in cache" "clusterQueue"="cq" "newStatus"="active" "oldStatus"=""
    clusterqueue.go:229: "level"=3 "msg"="Updating status in cache" "clusterQueue"="cq" "newStatus"="pending" "oldStatus"="active"
    clusterqueue.go:229: "level"=3 "msg"="Updating status in cache" "clusterQueue"="cq" "newStatus"="pending" "oldStatus"="active"
=== RUN   TestClusterQueueUpdateWithAdmissionCheck/Active_clusterQueue_with_an_AC_strategy_updated_with_not_found_AC
    clusterqueue.go:229: "level"=3 "msg"="Updating status in cache" "clusterQueue"="cq2" "newStatus"="active" "oldStatus"=""
    clusterqueue.go:229: "level"=3 "msg"="Updating status in cache" "clusterQueue"="cq2" "newStatus"="pending" "oldStatus"="active"
    clusterqueue.go:229: "level"=3 "msg"="Updating status in cache" "clusterQueue"="cq2" "newStatus"="pending" "oldStatus"="active"
=== RUN   TestClusterQueueUpdateWithAdmissionCheck/Active_clusterQueue_updated_with_inactive_AC
    clusterqueue.go:229: "level"=3 "msg"="Updating status in cache" "clusterQueue"="cq" "newStatus"="active" "oldStatus"=""
    clusterqueue.go:229: "level"=3 "msg"="Updating status in cache" "clusterQueue"="cq" "newStatus"="pending" "oldStatus"="active"
    clusterqueue.go:229: "level"=3 "msg"="Updating status in cache" "clusterQueue"="cq" "newStatus"="pending" "oldStatus"="active"
=== RUN   TestClusterQueueUpdateWithAdmissionCheck/Active_clusterQueue_with_an_AC_strategy_updated_with_inactive_AC
    clusterqueue.go:229: "level"=3 "msg"="Updating status in cache" "clusterQueue"="cq2" "newStatus"="active" "oldStatus"=""
    clusterqueue.go:229: "level"=3 "msg"="Updating status in cache" "clusterQueue"="cq2" "newStatus"="pending" "oldStatus"="active"
    clusterqueue.go:229: "level"=3 "msg"="Updating status in cache" "clusterQueue"="cq2" "newStatus"="pending" "oldStatus"="active"
=== RUN   TestClusterQueueUpdateWithAdmissionCheck/Active_clusterQueue_with_an_MultiKueue_AC_strategy_updated_with_duplicate_single_instance_AC_Controller
    clusterqueue.go:229: "level"=3 "msg"="Updating status in cache" "clusterQueue"="cq2" "newStatus"="active" "oldStatus"=""
    clusterqueue.go:229: "level"=3 "msg"="Updating status in cache" "clusterQueue"="cq2" "newStatus"="pending" "oldStatus"="active"
    clusterqueue.go:229: "level"=3 "msg"="Updating status in cache" "clusterQueue"="cq2" "newStatus"="pending" "oldStatus"="active"
=== RUN   TestClusterQueueUpdateWithAdmissionCheck/Terminating_clusterQueue_updated_with_valid_AC_list
    clusterqueue.go:229: "level"=3 "msg"="Updating status in cache" "clusterQueue"="cq" "newStatus"="active" "oldStatus"=""
    clusterqueue.go:229: "level"=3 "msg"="Updating status in cache" "clusterQueue"="cq" "newStatus"="pending" "oldStatus"="active"
=== RUN   TestClusterQueueUpdateWithAdmissionCheck/Terminating_clusterQueue_with_an_AC_strategy_updated_with_valid_AC_list
    clusterqueue.go:229: "level"=3 "msg"="Updating status in cache" "clusterQueue"="cq2" "newStatus"="active" "oldStatus"=""
    clusterqueue.go:229: "level"=3 "msg"="Updating status in cache" "clusterQueue"="cq2" "newStatus"="pending" "oldStatus"="active"
=== RUN   TestClusterQueueUpdateWithAdmissionCheck/Terminating_clusterQueue_updated_with_not_found_AC
    clusterqueue.go:229: "level"=3 "msg"="Updating status in cache" "clusterQueue"="cq" "newStatus"="active" "oldStatus"=""
    clusterqueue.go:229: "level"=3 "msg"="Updating status in cache" "clusterQueue"="cq" "newStatus"="pending" "oldStatus"="active"
=== RUN   TestClusterQueueUpdateWithAdmissionCheck/Terminating_clusterQueue_with_an_AC_strategy_updated_with_not_found_AC
    clusterqueue.go:229: "level"=3 "msg"="Updating status in cache" "clusterQueue"="cq2" "newStatus"="active" "oldStatus"=""
    clusterqueue.go:229: "level"=3 "msg"="Updating status in cache" "clusterQueue"="cq2" "newStatus"="pending" "oldStatus"="active"
=== RUN   TestClusterQueueUpdateWithAdmissionCheck/Active_clusterQueue_with_an_AC_strategy_updated
    clusterqueue.go:229: "level"=3 "msg"="Updating status in cache" "clusterQueue"="cq2" "newStatus"="active" "oldStatus"=""
    clusterqueue.go:229: "level"=3 "msg"="Updating status in cache" "clusterQueue"="cq2" "newStatus"="pending" "oldStatus"="active"
--- PASS: TestClusterQueueUpdateWithAdmissionCheck (0.03s)
    --- PASS: TestClusterQueueUpdateWithAdmissionCheck/Pending_clusterQueue_updated_valid_AC_list (0.00s)
    --- PASS: TestClusterQueueUpdateWithAdmissionCheck/Pending_clusterQueue_with_an_AC_strategy_updated_valid_AC_list (0.00s)
    --- PASS: TestClusterQueueUpdateWithAdmissionCheck/Active_clusterQueue_updated_with_not_found_AC (0.00s)
    --- PASS: TestClusterQueueUpdateWithAdmissionCheck/Active_clusterQueue_with_an_AC_strategy_updated_with_not_found_AC (0.00s)
    --- PASS: TestClusterQueueUpdateWithAdmissionCheck/Active_clusterQueue_updated_with_inactive_AC (0.00s)
    --- PASS: TestClusterQueueUpdateWithAdmissionCheck/Active_clusterQueue_with_an_AC_strategy_updated_with_inactive_AC (0.00s)
    --- PASS: TestClusterQueueUpdateWithAdmissionCheck/Active_clusterQueue_with_an_MultiKueue_AC_strategy_updated_with_duplicate_single_instance_AC_Controller (0.00s)
    --- PASS: TestClusterQueueUpdateWithAdmissionCheck/Terminating_clusterQueue_updated_with_valid_AC_list (0.00s)
    --- PASS: TestClusterQueueUpdateWithAdmissionCheck/Terminating_clusterQueue_with_an_AC_strategy_updated_with_valid_AC_list (0.00s)
    --- PASS: TestClusterQueueUpdateWithAdmissionCheck/Terminating_clusterQueue_updated_with_not_found_AC (0.00s)
    --- PASS: TestClusterQueueUpdateWithAdmissionCheck/Terminating_clusterQueue_with_an_AC_strategy_updated_with_not_found_AC (0.00s)
    --- PASS: TestClusterQueueUpdateWithAdmissionCheck/Active_clusterQueue_with_an_AC_strategy_updated (0.00s)
=== RUN   TestClusterQueueReadinessWithTAS
=== RUN   TestClusterQueueReadinessWithTAS/TAS_CQ_goes_active_state
    clusterqueue.go:229: "level"=3 "msg"="Updating status in cache" "clusterQueue"="cq" "newStatus"="active" "oldStatus"=""
    tas_flavor.go:146: "level"=3 "msg"="Constructing TAS snapshot" "nodeLabels"={} "levels"=["tas-level-0"] "nodeCount"=0 "podCount"=0
=== RUN   TestClusterQueueReadinessWithTAS/TAS_do_not_support_Cohorts
    clusterqueue.go:229: "level"=3 "msg"="Updating status in cache" "clusterQueue"="cq" "newStatus"="active" "oldStatus"=""
    tas_flavor.go:146: "level"=3 "msg"="Constructing TAS snapshot" "nodeLabels"={} "levels"=["tas-level-0"] "nodeCount"=0 "podCount"=0
=== RUN   TestClusterQueueReadinessWithTAS/TAS_do_not_support_Preemption
    clusterqueue.go:229: "level"=3 "msg"="Updating status in cache" "clusterQueue"="cq" "newStatus"="active" "oldStatus"=""
    tas_flavor.go:146: "level"=3 "msg"="Constructing TAS snapshot" "nodeLabels"={} "levels"=["tas-level-0"] "nodeCount"=0 "podCount"=0
=== RUN   TestClusterQueueReadinessWithTAS/TAS_supports_MultiKueue_AdmissionCheck
    clusterqueue.go:229: "level"=3 "msg"="Updating status in cache" "clusterQueue"="cq" "newStatus"="active" "oldStatus"=""
    tas_flavor.go:146: "level"=3 "msg"="Constructing TAS snapshot" "nodeLabels"={} "levels"=["tas-level-0"] "nodeCount"=0 "podCount"=0
=== RUN   TestClusterQueueReadinessWithTAS/Referenced_TAS_flavor_without_topology
    clusterqueue.go:229: "level"=3 "msg"="Updating status in cache" "clusterQueue"="cq" "newStatus"="pending" "oldStatus"=""
--- PASS: TestClusterQueueReadinessWithTAS (0.01s)
    --- PASS: TestClusterQueueReadinessWithTAS/TAS_CQ_goes_active_state (0.00s)
    --- PASS: TestClusterQueueReadinessWithTAS/TAS_do_not_support_Cohorts (0.00s)
    --- PASS: TestClusterQueueReadinessWithTAS/TAS_do_not_support_Preemption (0.00s)
    --- PASS: TestClusterQueueReadinessWithTAS/TAS_supports_MultiKueue_AdmissionCheck (0.00s)
    --- PASS: TestClusterQueueReadinessWithTAS/Referenced_TAS_flavor_without_topology (0.00s)
=== RUN   TestDominantResourceShare
=== RUN   TestDominantResourceShare/usage_way_above_nominal_in_a_cohort_with_large_quotas_and_weights
    clusterqueue.go:229: "level"=3 "msg"="Updating status in cache" "clusterQueue"="cq" "newStatus"="active" "oldStatus"=""
    clusterqueue.go:229: "level"=3 "msg"="Updating status in cache" "clusterQueue"="lending-cq" "newStatus"="active" "oldStatus"=""
=== RUN   TestDominantResourceShare/usage_with_workload_above_nominal
    clusterqueue.go:229: "level"=3 "msg"="Updating status in cache" "clusterQueue"="cq" "newStatus"="active" "oldStatus"=""
    clusterqueue.go:229: "level"=3 "msg"="Updating status in cache" "clusterQueue"="lending-cq" "newStatus"="active" "oldStatus"=""
=== RUN   TestDominantResourceShare/A_resource_with_zero_lendable
    clusterqueue.go:229: "level"=3 "msg"="Updating status in cache" "clusterQueue"="cq" "newStatus"="active" "oldStatus"=""
    clusterqueue.go:229: "level"=3 "msg"="Updating status in cache" "clusterQueue"="lending-cq" "newStatus"="active" "oldStatus"=""
=== RUN   TestDominantResourceShare/above_nominal_with_decimal_weight
    clusterqueue.go:229: "level"=3 "msg"="Updating status in cache" "clusterQueue"="cq" "newStatus"="active" "oldStatus"=""
    clusterqueue.go:229: "level"=3 "msg"="Updating status in cache" "clusterQueue"="lending-cq" "newStatus"="active" "oldStatus"=""
=== RUN   TestDominantResourceShare/resource_share_affected_by_borrowing_limit
    clusterqueue.go:229: "level"=3 "msg"="Updating status in cache" "clusterQueue"="cq" "newStatus"="active" "oldStatus"=""
=== RUN   TestDominantResourceShare/usage_above_nominal
    clusterqueue.go:229: "level"=3 "msg"="Updating status in cache" "clusterQueue"="cq" "newStatus"="active" "oldStatus"=""
    clusterqueue.go:229: "level"=3 "msg"="Updating status in cache" "clusterQueue"="lending-cq" "newStatus"="active" "oldStatus"=""
=== RUN   TestDominantResourceShare/above_nominal_with_integer_weight
    clusterqueue.go:229: "level"=3 "msg"="Updating status in cache" "clusterQueue"="cq" "newStatus"="active" "oldStatus"=""
    clusterqueue.go:229: "level"=3 "msg"="Updating status in cache" "clusterQueue"="lending-cq" "newStatus"="active" "oldStatus"=""
=== RUN   TestDominantResourceShare/resource_share_defined_for_resources_only_available_at_the_root_cohort
    clusterqueue.go:229: "level"=3 "msg"="Updating status in cache" "clusterQueue"="cq" "newStatus"="active" "oldStatus"=""
=== RUN   TestDominantResourceShare/no_cohort
    clusterqueue.go:229: "level"=3 "msg"="Updating status in cache" "clusterQueue"="cq" "newStatus"="active" "oldStatus"=""
=== RUN   TestDominantResourceShare/usage_slightly_above_nominal_in_a_cohort_with_large_quotas
    clusterqueue.go:229: "level"=3 "msg"="Updating status in cache" "clusterQueue"="cq" "newStatus"="active" "oldStatus"=""
    clusterqueue.go:229: "level"=3 "msg"="Updating status in cache" "clusterQueue"="lending-cq" "newStatus"="active" "oldStatus"=""
=== RUN   TestDominantResourceShare/one_resource_above_nominal
    clusterqueue.go:229: "level"=3 "msg"="Updating status in cache" "clusterQueue"="cq" "newStatus"="active" "oldStatus"=""
    clusterqueue.go:229: "level"=3 "msg"="Updating status in cache" "clusterQueue"="lending-cq" "newStatus"="active" "oldStatus"=""
=== RUN   TestDominantResourceShare/multiple_flavors
    clusterqueue.go:229: "level"=3 "msg"="Updating status in cache" "clusterQueue"="cq" "newStatus"="active" "oldStatus"=""
    clusterqueue.go:229: "level"=3 "msg"="Updating status in cache" "clusterQueue"="lending-cq" "newStatus"="active" "oldStatus"=""
=== RUN   TestDominantResourceShare/above_nominal_with_zero_weight
    clusterqueue.go:229: "level"=3 "msg"="Updating status in cache" "clusterQueue"="cq" "newStatus"="active" "oldStatus"=""
    clusterqueue.go:229: "level"=3 "msg"="Updating status in cache" "clusterQueue"="lending-cq" "newStatus"="active" "oldStatus"=""
=== RUN   TestDominantResourceShare/cohort_has_resource_share
    clusterqueue.go:229: "level"=3 "msg"="Updating status in cache" "clusterQueue"="cq" "newStatus"="active" "oldStatus"=""
=== RUN   TestDominantResourceShare/usage_below_nominal
    clusterqueue.go:229: "level"=3 "msg"="Updating status in cache" "clusterQueue"="cq" "newStatus"="active" "oldStatus"=""
    clusterqueue.go:229: "level"=3 "msg"="Updating status in cache" "clusterQueue"="lending-cq" "newStatus"="active" "oldStatus"=""
--- PASS: TestDominantResourceShare (0.04s)
    --- PASS: TestDominantResourceShare/usage_way_above_nominal_in_a_cohort_with_large_quotas_and_weights (0.00s)
    --- PASS: TestDominantResourceShare/usage_with_workload_above_nominal (0.00s)
    --- PASS: TestDominantResourceShare/A_resource_with_zero_lendable (0.00s)
    --- PASS: TestDominantResourceShare/above_nominal_with_decimal_weight (0.00s)
    --- PASS: TestDominantResourceShare/resource_share_affected_by_borrowing_limit (0.00s)
    --- PASS: TestDominantResourceShare/usage_above_nominal (0.00s)
    --- PASS: TestDominantResourceShare/above_nominal_with_integer_weight (0.00s)
    --- PASS: TestDominantResourceShare/resource_share_defined_for_resources_only_available_at_the_root_cohort (0.00s)
    --- PASS: TestDominantResourceShare/no_cohort (0.00s)
    --- PASS: TestDominantResourceShare/usage_slightly_above_nominal_in_a_cohort_with_large_quotas (0.00s)
    --- PASS: TestDominantResourceShare/one_resource_above_nominal (0.00s)
    --- PASS: TestDominantResourceShare/multiple_flavors (0.00s)
    --- PASS: TestDominantResourceShare/above_nominal_with_zero_weight (0.00s)
    --- PASS: TestDominantResourceShare/cohort_has_resource_share (0.00s)
    --- PASS: TestDominantResourceShare/usage_below_nominal (0.00s)
=== RUN   TestCohortLendable
    clusterqueue.go:229: "level"=3 "msg"="Updating status in cache" "clusterQueue"="cq1" "newStatus"="pending" "oldStatus"=""
    clusterqueue.go:229: "level"=3 "msg"="Updating status in cache" "clusterQueue"="cq2" "newStatus"="pending" "oldStatus"=""
--- PASS: TestCohortLendable (0.00s)
=== RUN   TestAvailable
=== RUN   TestAvailable/cq_borrows_from_cohort
    clusterqueue.go:229: "level"=3 "msg"="Updating status in cache" "clusterQueue"="cq1" "newStatus"="active" "oldStatus"=""
=== RUN   TestAvailable/cq_oversubscription_spills_into_cohort
    clusterqueue.go:229: "level"=3 "msg"="Updating status in cache" "clusterQueue"="cq1" "newStatus"="active" "oldStatus"=""
    clusterqueue.go:229: "level"=3 "msg"="Updating status in cache" "clusterQueue"="cq2" "newStatus"="active" "oldStatus"=""
=== RUN   TestAvailable/lending_and_borrowing_limits_respected
    clusterqueue.go:229: "level"=3 "msg"="Updating status in cache" "clusterQueue"="cq1" "newStatus"="active" "oldStatus"=""
    clusterqueue.go:229: "level"=3 "msg"="Updating status in cache" "clusterQueue"="cq2" "newStatus"="active" "oldStatus"=""
    clusterqueue.go:229: "level"=3 "msg"="Updating status in cache" "clusterQueue"="cq3" "newStatus"="active" "oldStatus"=""
=== RUN   TestAvailable/hierarchical_cohort
    clusterqueue.go:229: "level"=3 "msg"="Updating status in cache" "clusterQueue"="cq1" "newStatus"="active" "oldStatus"=""
    clusterqueue.go:229: "level"=3 "msg"="Updating status in cache" "clusterQueue"="cq2" "newStatus"="active" "oldStatus"=""
=== RUN   TestAvailable/hierarchical_cohort_respects_borrowing_limit
    clusterqueue.go:229: "level"=3 "msg"="Updating status in cache" "clusterQueue"="left-cq1" "newStatus"="active" "oldStatus"=""
    clusterqueue.go:229: "level"=3 "msg"="Updating status in cache" "clusterQueue"="left-cq2" "newStatus"="active" "oldStatus"=""
    clusterqueue.go:229: "level"=3 "msg"="Updating status in cache" "clusterQueue"="right-cq" "newStatus"="active" "oldStatus"=""
=== RUN   TestAvailable/hierarchical_cohort_respects_lending_limit
    clusterqueue.go:229: "level"=3 "msg"="Updating status in cache" "clusterQueue"="left-cq1" "newStatus"="active" "oldStatus"=""
    clusterqueue.go:229: "level"=3 "msg"="Updating status in cache" "clusterQueue"="left-cq2" "newStatus"="active" "oldStatus"=""
    clusterqueue.go:229: "level"=3 "msg"="Updating status in cache" "clusterQueue"="right-cq" "newStatus"="active" "oldStatus"=""
    clusterqueue.go:229: "level"=3 "msg"="Updating status in cache" "clusterQueue"="root-cq" "newStatus"="active" "oldStatus"=""
=== RUN   TestAvailable/base_cqs
    clusterqueue.go:229: "level"=3 "msg"="Updating status in cache" "clusterQueue"="cq1" "newStatus"="active" "oldStatus"=""
    clusterqueue.go:229: "level"=3 "msg"="Updating status in cache" "clusterQueue"="cq2" "newStatus"="active" "oldStatus"=""
=== RUN   TestAvailable/cqs_with_cohort
    clusterqueue.go:229: "level"=3 "msg"="Updating status in cache" "clusterQueue"="cq1" "newStatus"="active" "oldStatus"=""
    clusterqueue.go:229: "level"=3 "msg"="Updating status in cache" "clusterQueue"="cq2" "newStatus"="active" "oldStatus"=""
--- PASS: TestAvailable (0.02s)
    --- PASS: TestAvailable/cq_borrows_from_cohort (0.00s)
    --- PASS: TestAvailable/cq_oversubscription_spills_into_cohort (0.00s)
    --- PASS: TestAvailable/lending_and_borrowing_limits_respected (0.00s)
    --- PASS: TestAvailable/hierarchical_cohort (0.00s)
    --- PASS: TestAvailable/hierarchical_cohort_respects_borrowing_limit (0.00s)
    --- PASS: TestAvailable/hierarchical_cohort_respects_lending_limit (0.00s)
    --- PASS: TestAvailable/base_cqs (0.00s)
    --- PASS: TestAvailable/cqs_with_cohort (0.00s)
=== RUN   TestSnapshot
=== RUN   TestSnapshot/resourceFlavors
=== RUN   TestSnapshot/clusterQueues_with_preemption
    clusterqueue.go:229: "level"=3 "msg"="Updating status in cache" "clusterQueue"="with-preemption" "newStatus"="active" "oldStatus"=""
=== RUN   TestSnapshot/clusterQueue_with_fair_sharing_weight
    clusterqueue.go:229: "level"=3 "msg"="Updating status in cache" "clusterQueue"="with-preemption" "newStatus"="active" "oldStatus"=""
=== RUN   TestSnapshot/lendingLimit_with_2_clusterQueues_and_2_flavors(whenCanBorrow:_MayStopSearch)
    clusterqueue.go:229: "level"=3 "msg"="Updating status in cache" "clusterQueue"="a" "newStatus"="pending" "oldStatus"=""
    clusterqueue.go:229: "level"=3 "msg"="Updating status in cache" "clusterQueue"="b" "newStatus"="pending" "oldStatus"=""
    clusterqueue.go:229: "level"=3 "msg"="Updating status in cache" "clusterQueue"="a" "newStatus"="active" "oldStatus"="pending"
    clusterqueue.go:229: "level"=3 "msg"="Updating status in cache" "clusterQueue"="b" "newStatus"="active" "oldStatus"="pending"
=== RUN   TestSnapshot/cohort_provides_resources
    clusterqueue.go:229: "level"=3 "msg"="Updating status in cache" "clusterQueue"="cq" "newStatus"="pending" "oldStatus"=""
    clusterqueue.go:229: "level"=3 "msg"="Updating status in cache" "clusterQueue"="cq" "newStatus"="active" "oldStatus"="pending"
=== RUN   TestSnapshot/cohort_snapshot_has_fair_sharing_weight
=== RUN   TestSnapshot/empty
=== RUN   TestSnapshot/inactive_clusterQueues
    clusterqueue.go:229: "level"=3 "msg"="Updating status in cache" "clusterQueue"="flavor-nonexistent-cq" "newStatus"="pending" "oldStatus"=""
=== RUN   TestSnapshot/cohort
    clusterqueue.go:229: "level"=3 "msg"="Updating status in cache" "clusterQueue"="a" "newStatus"="pending" "oldStatus"=""
    clusterqueue.go:229: "level"=3 "msg"="Updating status in cache" "clusterQueue"="b" "newStatus"="pending" "oldStatus"=""
    clusterqueue.go:229: "level"=3 "msg"="Updating status in cache" "clusterQueue"="c" "newStatus"="pending" "oldStatus"=""
    clusterqueue.go:229: "level"=3 "msg"="Updating status in cache" "clusterQueue"="a" "newStatus"="active" "oldStatus"="pending"
    clusterqueue.go:229: "level"=3 "msg"="Updating status in cache" "clusterQueue"="c" "newStatus"="active" "oldStatus"="pending"
    clusterqueue.go:229: "level"=3 "msg"="Updating status in cache" "clusterQueue"="b" "newStatus"="active" "oldStatus"="pending"
=== RUN   TestSnapshot/should_not_populate_the_snapshot_with_lendingLimit_when_feature_disabled
    clusterqueue.go:229: "level"=3 "msg"="Updating status in cache" "clusterQueue"="a" "newStatus"="pending" "oldStatus"=""
    clusterqueue.go:229: "level"=3 "msg"="Updating status in cache" "clusterQueue"="b" "newStatus"="pending" "oldStatus"=""
    clusterqueue.go:229: "level"=3 "msg"="Updating status in cache" "clusterQueue"="b" "newStatus"="active" "oldStatus"="pending"
    clusterqueue.go:229: "level"=3 "msg"="Updating status in cache" "clusterQueue"="a" "newStatus"="active" "oldStatus"="pending"
=== RUN   TestSnapshot/cohorts_with_cycles_and_their_cqs_excluded_from_snapshot
    clusterqueue.go:229: "level"=3 "msg"="Updating status in cache" "clusterQueue"="cq-autocycle" "newStatus"="pending" "oldStatus"=""
    clusterqueue.go:229: "level"=3 "msg"="Updating status in cache" "clusterQueue"="cq-a" "newStatus"="pending" "oldStatus"=""
    clusterqueue.go:229: "level"=3 "msg"="Updating status in cache" "clusterQueue"="cq-b" "newStatus"="pending" "oldStatus"=""
    clusterqueue.go:229: "level"=3 "msg"="Updating status in cache" "clusterQueue"="cq-nocycle" "newStatus"="pending" "oldStatus"=""
    clusterqueue.go:229: "level"=3 "msg"="Updating status in cache" "clusterQueue"="cq-a" "newStatus"="active" "oldStatus"="pending"
    clusterqueue.go:229: "level"=3 "msg"="Updating status in cache" "clusterQueue"="cq-b" "newStatus"="active" "oldStatus"="pending"
    clusterqueue.go:229: "level"=3 "msg"="Updating status in cache" "clusterQueue"="cq-nocycle" "newStatus"="active" "oldStatus"="pending"
    clusterqueue.go:229: "level"=3 "msg"="Updating status in cache" "clusterQueue"="cq-autocycle" "newStatus"="active" "oldStatus"="pending"
=== RUN   TestSnapshot/independent_clusterQueues
    clusterqueue.go:229: "level"=3 "msg"="Updating status in cache" "clusterQueue"="a" "newStatus"="active" "oldStatus"=""
    clusterqueue.go:229: "level"=3 "msg"="Updating status in cache" "clusterQueue"="b" "newStatus"="active" "oldStatus"=""
--- PASS: TestSnapshot (0.04s)
    --- PASS: TestSnapshot/resourceFlavors (0.00s)
    --- PASS: TestSnapshot/clusterQueues_with_preemption (0.00s)
    --- PASS: TestSnapshot/clusterQueue_with_fair_sharing_weight (0.00s)
    --- PASS: TestSnapshot/lendingLimit_with_2_clusterQueues_and_2_flavors(whenCanBorrow:_MayStopSearch) (0.00s)
    --- PASS: TestSnapshot/cohort_provides_resources (0.00s)
    --- PASS: TestSnapshot/cohort_snapshot_has_fair_sharing_weight (0.00s)
    --- PASS: TestSnapshot/empty (0.00s)
    --- PASS: TestSnapshot/inactive_clusterQueues (0.00s)
    --- PASS: TestSnapshot/cohort (0.00s)
    --- PASS: TestSnapshot/should_not_populate_the_snapshot_with_lendingLimit_when_feature_disabled (0.00s)
    --- PASS: TestSnapshot/cohorts_with_cycles_and_their_cqs_excluded_from_snapshot (0.00s)
    --- PASS: TestSnapshot/independent_clusterQueues (0.00s)
=== RUN   TestSnapshotAddRemoveWorkload
    clusterqueue.go:229: "level"=3 "msg"="Updating status in cache" "clusterQueue"="c1" "newStatus"="active" "oldStatus"=""
    clusterqueue.go:229: "level"=3 "msg"="Updating status in cache" "clusterQueue"="c2" "newStatus"="active" "oldStatus"=""
=== RUN   TestSnapshotAddRemoveWorkload/no-op_remove_add
=== RUN   TestSnapshotAddRemoveWorkload/remove_all
=== RUN   TestSnapshotAddRemoveWorkload/remove_c1-cpu
=== RUN   TestSnapshotAddRemoveWorkload/remove_c1-memory-alpha
--- PASS: TestSnapshotAddRemoveWorkload (0.01s)
    --- PASS: TestSnapshotAddRemoveWorkload/no-op_remove_add (0.00s)
    --- PASS: TestSnapshotAddRemoveWorkload/remove_all (0.00s)
    --- PASS: TestSnapshotAddRemoveWorkload/remove_c1-cpu (0.00s)
    --- PASS: TestSnapshotAddRemoveWorkload/remove_c1-memory-alpha (0.00s)
=== RUN   TestSnapshotAddRemoveWorkloadWithLendingLimit
    clusterqueue.go:229: "level"=3 "msg"="Updating status in cache" "clusterQueue"="lend-a" "newStatus"="active" "oldStatus"=""
    clusterqueue.go:229: "level"=3 "msg"="Updating status in cache" "clusterQueue"="lend-b" "newStatus"="active" "oldStatus"=""
=== RUN   TestSnapshotAddRemoveWorkloadWithLendingLimit/remove_all_then_add_workload,_using_quota_over_GuaranteedQuota
=== RUN   TestSnapshotAddRemoveWorkloadWithLendingLimit/remove_all_then_add_all
=== RUN   TestSnapshotAddRemoveWorkloadWithLendingLimit/remove_all
=== RUN   TestSnapshotAddRemoveWorkloadWithLendingLimit/remove_workload,_but_still_using_quota_over_GuaranteedQuota
=== RUN   TestSnapshotAddRemoveWorkloadWithLendingLimit/remove_wokload,_using_same_quota_as_GuaranteedQuota
=== RUN   TestSnapshotAddRemoveWorkloadWithLendingLimit/remove_workload,_using_less_quota_than_GuaranteedQuota
=== RUN   TestSnapshotAddRemoveWorkloadWithLendingLimit/remove_all_then_add_workload,_using_less_quota_than_GuaranteedQuota
=== RUN   TestSnapshotAddRemoveWorkloadWithLendingLimit/remove_all_then_add_workload,_using_same_quota_as_GuaranteedQuota
--- PASS: TestSnapshotAddRemoveWorkloadWithLendingLimit (0.00s)
    --- PASS: TestSnapshotAddRemoveWorkloadWithLendingLimit/remove_all_then_add_workload,_using_quota_over_GuaranteedQuota (0.00s)
    --- PASS: TestSnapshotAddRemoveWorkloadWithLendingLimit/remove_all_then_add_all (0.00s)
    --- PASS: TestSnapshotAddRemoveWorkloadWithLendingLimit/remove_all (0.00s)
    --- PASS: TestSnapshotAddRemoveWorkloadWithLendingLimit/remove_workload,_but_still_using_quota_over_GuaranteedQuota (0.00s)
    --- PASS: TestSnapshotAddRemoveWorkloadWithLendingLimit/remove_wokload,_using_same_quota_as_GuaranteedQuota (0.00s)
    --- PASS: TestSnapshotAddRemoveWorkloadWithLendingLimit/remove_workload,_using_less_quota_than_GuaranteedQuota (0.00s)
    --- PASS: TestSnapshotAddRemoveWorkloadWithLendingLimit/remove_all_then_add_workload,_using_less_quota_than_GuaranteedQuota (0.00s)
    --- PASS: TestSnapshotAddRemoveWorkloadWithLendingLimit/remove_all_then_add_workload,_using_same_quota_as_GuaranteedQuota (0.00s)
=== RUN   TestSelectOptimalDomainSetToFit
=== RUN   TestSelectOptimalDomainSetToFit/no_fit
=== RUN   TestSelectOptimalDomainSetToFit/simple_fit_one_domain
=== RUN   TestSelectOptimalDomainSetToFit/perfect_fit_with_two_domains
=== RUN   TestSelectOptimalDomainSetToFit/perfect_fit_with_two_domains_2
=== RUN   TestSelectOptimalDomainSetToFit/best_fit,_single_domain
--- PASS: TestSelectOptimalDomainSetToFit (0.00s)
    --- PASS: TestSelectOptimalDomainSetToFit/no_fit (0.00s)
    --- PASS: TestSelectOptimalDomainSetToFit/simple_fit_one_domain (0.00s)
    --- PASS: TestSelectOptimalDomainSetToFit/perfect_fit_with_two_domains (0.00s)
    --- PASS: TestSelectOptimalDomainSetToFit/perfect_fit_with_two_domains_2 (0.00s)
    --- PASS: TestSelectOptimalDomainSetToFit/best_fit,_single_domain (0.00s)
=== RUN   TestPlaceSlicesOnDomainsBalanced
=== RUN   TestPlaceSlicesOnDomainsBalanced/find_smallest_domain_that_fits
=== RUN   TestPlaceSlicesOnDomainsBalanced/correctly_select_domains
=== RUN   TestPlaceSlicesOnDomainsBalanced/simple_balanced_placement_on_two_domains
=== RUN   TestPlaceSlicesOnDomainsBalanced/simple_placement_on_three_domains
--- PASS: TestPlaceSlicesOnDomainsBalanced (0.00s)
    --- PASS: TestPlaceSlicesOnDomainsBalanced/find_smallest_domain_that_fits (0.00s)
    --- PASS: TestPlaceSlicesOnDomainsBalanced/correctly_select_domains (0.00s)
    --- PASS: TestPlaceSlicesOnDomainsBalanced/simple_balanced_placement_on_two_domains (0.00s)
    --- PASS: TestPlaceSlicesOnDomainsBalanced/simple_placement_on_three_domains (0.00s)
=== RUN   TestFindTopologyAssignments
=== RUN   TestFindTopologyAssignments/unconstrained;_a_single_pod_fits_into_each_host;_BestFit
    tas_flavor.go:146: "level"=3 "msg"="Constructing TAS snapshot" "nodeLabels"={} "levels"=["cloud.com/topology-block" "cloud.com/topology-rack" "kubernetes.io/hostname"] "nodeCount"=6 "podCount"=0
=== RUN   TestFindTopologyAssignments/balanced_placement;_select_optmial_set_of_domains
    tas_flavor.go:146: "level"=3 "msg"="Constructing TAS snapshot" "nodeLabels"={} "levels"=["cloud.com/topology-block" "cloud.com/topology-rack" "kubernetes.io/hostname"] "nodeCount"=3 "podCount"=0
=== RUN   TestFindTopologyAssignments/balanced_placement;_cannot_chose_domains_from_different_blocks
    tas_flavor.go:146: "level"=3 "msg"="Constructing TAS snapshot" "nodeLabels"={} "levels"=["cloud.com/topology-block" "cloud.com/topology-rack" "kubernetes.io/hostname"] "nodeCount"=4 "podCount"=0
=== RUN   TestFindTopologyAssignments/balanced_placement;_four_level_topology;_slice_two_levels_below_balanced_level
    tas_flavor.go:146: "level"=3 "msg"="Constructing TAS snapshot" "nodeLabels"={} "levels"=["cloud.com/topology-block" "cloud.com/topology-subblock" "cloud.com/topology-rack" "kubernetes.io/hostname"] "nodeCount"=5 "podCount"=0
=== RUN   TestFindTopologyAssignments/block_required_for_podset;_rack_required_for_slices;_podset_fits_in_a_block,_but_slices_do_not_fit_in_racks
    tas_flavor.go:146: "level"=3 "msg"="Constructing TAS snapshot" "nodeLabels"={} "levels"=["cloud.com/topology-block" "cloud.com/topology-rack" "kubernetes.io/hostname"] "nodeCount"=3 "podCount"=0
=== RUN   TestFindTopologyAssignments/unconstrained;_a_single_pod_fits_into_each_host;_LeastFreeCapacity;_TASProfileLeastFreeCapacity
W1125 13:23:06.034478 3959256 feature_gate.go:350] Setting deprecated feature gate TASProfileLeastFreeCapacity=true. It will be removed in a future release.
    tas_flavor.go:146: "level"=3 "msg"="Constructing TAS snapshot" "nodeLabels"={} "levels"=["cloud.com/topology-block" "cloud.com/topology-rack" "kubernetes.io/hostname"] "nodeCount"=6 "podCount"=0
=== RUN   TestFindTopologyAssignments/block_preferred;_but_only_multiple_blocks_can_accommodate_the_workload;_BestFit
    tas_flavor.go:146: "level"=3 "msg"="Constructing TAS snapshot" "nodeLabels"={} "levels"=["cloud.com/topology-block" "cloud.com/topology-rack"] "nodeCount"=6 "podCount"=0
=== RUN   TestFindTopologyAssignments/allow_to_schedule_on_node_with_tolerated_taint;_BestFit
    tas_flavor.go:146: "level"=3 "msg"="Constructing TAS snapshot" "nodeLabels"={"zone"="zone-a"} "levels"=["kubernetes.io/hostname"] "nodeCount"=1 "podCount"=0
=== RUN   TestFindTopologyAssignments/no_assignment_as_node_does_not_have_enough_allocatable_pods_(.status.allocatable['pods']);_BestFit
    tas_flavor.go:146: "level"=3 "msg"="Constructing TAS snapshot" "nodeLabels"={"zone"="zone-a"} "levels"=["kubernetes.io/hostname"] "nodeCount"=1 "podCount"=1
=== RUN   TestFindTopologyAssignments/balanced_placement;_select_correct_block_taking_into_account_pruning
    tas_flavor.go:146: "level"=3 "msg"="Constructing TAS snapshot" "nodeLabels"={} "levels"=["cloud.com/topology-block" "cloud.com/topology-rack" "kubernetes.io/hostname"] "nodeCount"=10 "podCount"=0
=== RUN   TestFindTopologyAssignments/balanced_placement;_should_not_prune_domain
    tas_flavor.go:146: "level"=3 "msg"="Constructing TAS snapshot" "nodeLabels"={} "levels"=["cloud.com/topology-block" "cloud.com/topology-rack" "kubernetes.io/hostname"] "nodeCount"=2 "podCount"=0
    tas_cache_test.go:5652: unexpected topology assignment (-want,+got):   scheduler.TASAssignmentsResult{
          	"leader": {TopologyAssignment: &{Levels: {"kubernetes.io/hostname"}, Domains: {{Values: {"x1"}, Count: 1}}}},
          	"workers": {
          		TopologyAssignment: &tas.TopologyAssignment{
          			Levels: {"kubernetes.io/hostname"},
          			Domains: []tas.TopologyDomainAssignment{
          				{Values: {"x1"}, Count: 5},
        - 				{Values: []string{"x2"}, Count: 5},
          			},
          		},
          		FailureReason: "",
          	},
          }
=== RUN   TestFindTopologyAssignments/choose_the_node_that_can_accommodate_all_Pods
    tas_flavor.go:146: "level"=3 "msg"="Constructing TAS snapshot" "nodeLabels"={} "levels"=["cloud.com/topology-block" "cloud.com/topology-rack" "kubernetes.io/hostname"] "nodeCount"=3 "podCount"=0
=== RUN   TestFindTopologyAssignments/rack_required;_single_Pod_fits_in_a_rack;_LeastFreeCapacityFit
W1125 13:23:06.057065 3959256 feature_gate.go:350] Setting deprecated feature gate TASProfileLeastFreeCapacity=true. It will be removed in a future release.
    tas_flavor.go:146: "level"=3 "msg"="Constructing TAS snapshot" "nodeLabels"={} "levels"=["cloud.com/topology-block" "cloud.com/topology-rack" "kubernetes.io/hostname"] "nodeCount"=6 "podCount"=0
=== RUN   TestFindTopologyAssignments/block_required;_single_Pod_fits_in_a_block_and_a_single_rack;_BestFit
    tas_flavor.go:146: "level"=3 "msg"="Constructing TAS snapshot" "nodeLabels"={} "levels"=["cloud.com/topology-block" "cloud.com/topology-rack"] "nodeCount"=6 "podCount"=0
=== RUN   TestFindTopologyAssignments/rack_preferred;_but_only_block_can_accommodate_the_workload;_BestFit
    tas_flavor.go:146: "level"=3 "msg"="Constructing TAS snapshot" "nodeLabels"={} "levels"=["cloud.com/topology-block" "cloud.com/topology-rack"] "nodeCount"=6 "podCount"=0
=== RUN   TestFindTopologyAssignments/block_required_for_podset;_host_required_for_slices;_BestFit
    tas_flavor.go:146: "level"=3 "msg"="Constructing TAS snapshot" "nodeLabels"={} "levels"=["cloud.com/topology-block" "cloud.com/topology-rack" "kubernetes.io/hostname"] "nodeCount"=3 "podCount"=0
=== RUN   TestFindTopologyAssignments/block_required_for_podset;_rack_required_for_slices;_only_1_out_of_2_slices_fit_the_topology
    tas_flavor.go:146: "level"=3 "msg"="Constructing TAS snapshot" "nodeLabels"={} "levels"=["cloud.com/topology-block" "cloud.com/topology-rack" "kubernetes.io/hostname"] "nodeCount"=4 "podCount"=0
=== RUN   TestFindTopologyAssignments/no_annotation;_implied_default_to_unconstrained;_6_pods_fit_into_hosts_scattered_across_the_whole_datacenter_even_they_could_fit_into_single_rack;_BestFit
    tas_flavor.go:146: "level"=3 "msg"="Constructing TAS snapshot" "nodeLabels"={} "levels"=["cloud.com/topology-block" "cloud.com/topology-rack" "kubernetes.io/hostname"] "nodeCount"=5 "podCount"=0
=== RUN   TestFindTopologyAssignments/host_required;_no_single_host_fits_all_pods,_expect_notFitMessage;_LeastFreeCapacityFit
W1125 13:23:06.074135 3959256 feature_gate.go:350] Setting deprecated feature gate TASProfileLeastFreeCapacity=true. It will be removed in a future release.
    tas_flavor.go:146: "level"=3 "msg"="Constructing TAS snapshot" "nodeLabels"={} "levels"=["cloud.com/topology-block" "cloud.com/topology-rack" "kubernetes.io/hostname"] "nodeCount"=6 "podCount"=0
=== RUN   TestFindTopologyAssignments/include_usage_from_pending_scheduled_non-TAS_pods,_blocked_assignment;_BestFit
    tas_flavor.go:146: "level"=3 "msg"="Constructing TAS snapshot" "nodeLabels"={} "levels"=["kubernetes.io/hostname"] "nodeCount"=1 "podCount"=1
=== RUN   TestFindTopologyAssignments/skip_node_which_doesn't_match_node_selector,_label_exists,_value_doesn't_match;_BestFit
    tas_flavor.go:146: "level"=3 "msg"="Constructing TAS snapshot" "nodeLabels"={"zone"="zone-a"} "levels"=["kubernetes.io/hostname"] "nodeCount"=1 "podCount"=0
    tas_flavor_snapshot.go:1412: "level"=3 "msg"="excluding node that doesn't match nodeSelectors" "domainID"="x3" "nodeLabels"="custom-label-1=value-1,kubernetes.io/hostname=x3,zone=zone-a"
=== RUN   TestFindTopologyAssignments/find_topology_assignment_for_two_podsets_with_the_same_group
    tas_flavor.go:146: "level"=3 "msg"="Constructing TAS snapshot" "nodeLabels"={} "levels"=["cloud.com/topology-block"] "nodeCount"=3 "podCount"=0
=== RUN   TestFindTopologyAssignments/find_topology_assignment_for_two_podsets_with_the_same_group_-_no_fit
    tas_flavor.go:146: "level"=3 "msg"="Constructing TAS snapshot" "nodeLabels"={} "levels"=["cloud.com/topology-block"] "nodeCount"=2 "podCount"=0
=== RUN   TestFindTopologyAssignments/find_topology_assignment_for_two_podsets_with_the_same_group_-_multiple_hosts
    tas_flavor.go:146: "level"=3 "msg"="Constructing TAS snapshot" "nodeLabels"={} "levels"=["cloud.com/topology-block" "cloud.com/topology-rack" "kubernetes.io/hostname"] "nodeCount"=6 "podCount"=0
    tas_cache_test.go:5652: unexpected topology assignment (-want,+got):   scheduler.TASAssignmentsResult{
          	"leader": {TopologyAssignment: &{Levels: {"kubernetes.io/hostname"}, Domains: {{Values: {"x1"}, Count: 1}}}},
          	"workers": {
          		TopologyAssignment: &tas.TopologyAssignment{
          			Levels: {"kubernetes.io/hostname"},
          			Domains: []tas.TopologyDomainAssignment{
          				{
        - 					Values: []string{"x3"},
        + 					Values: []string{"x1"},
          					Count:  1,
          				},
        - 				{Values: []string{"x5"}, Count: 1},
          			},
          		},
          		FailureReason: "",
          	},
          }
=== RUN   TestFindTopologyAssignments/multiple_podsets:_one_podset_fits,_one_does_not_due_to_insufficient_capacity;_LeastFreeCapacity
W1125 13:23:06.092225 3959256 feature_gate.go:350] Setting deprecated feature gate TASProfileLeastFreeCapacity=true. It will be removed in a future release.
    tas_flavor.go:146: "level"=3 "msg"="Constructing TAS snapshot" "nodeLabels"={} "levels"=["cloud.com/topology-block" "cloud.com/topology-rack"] "nodeCount"=6 "podCount"=0
=== RUN   TestFindTopologyAssignments/block_preferred;_but_the_workload_cannot_be_accommodate_in_entire_topology;_BestFit
    tas_flavor.go:146: "level"=3 "msg"="Constructing TAS snapshot" "nodeLabels"={} "levels"=["cloud.com/topology-block" "cloud.com/topology-rack"] "nodeCount"=6 "podCount"=0
=== RUN   TestFindTopologyAssignments/only_nodes_with_matching_labels_are_considered;_matching_node_is_found;_BestFit
    tas_flavor.go:146: "level"=3 "msg"="Constructing TAS snapshot" "nodeLabels"={"zone"="zone-a"} "levels"=["kubernetes.io/hostname"] "nodeCount"=1 "podCount"=0
=== RUN   TestFindTopologyAssignments/only_nodes_with_matching_levels_are_considered;_no_host_label_on_node;_BestFit
    tas_flavor.go:146: "level"=3 "msg"="Constructing TAS snapshot" "nodeLabels"={} "levels"=["cloud.com/topology-block" "cloud.com/topology-rack" "kubernetes.io/hostname"] "nodeCount"=0 "podCount"=0
=== RUN   TestFindTopologyAssignments/block_required_for_podset;_rack_required_for_slices;_BestFit
    tas_flavor.go:146: "level"=3 "msg"="Constructing TAS snapshot" "nodeLabels"={} "levels"=["cloud.com/topology-block" "cloud.com/topology-rack" "kubernetes.io/hostname"] "nodeCount"=7 "podCount"=0
=== RUN   TestFindTopologyAssignments/block_required;_single_Pod_fits_in_a_block;_LeastFreeCapacityFit
W1125 13:23:06.106435 3959256 feature_gate.go:350] Setting deprecated feature gate TASProfileLeastFreeCapacity=true. It will be removed in a future release.
    tas_flavor.go:146: "level"=3 "msg"="Constructing TAS snapshot" "nodeLabels"={} "levels"=["cloud.com/topology-block" "cloud.com/topology-rack" "kubernetes.io/hostname"] "nodeCount"=6 "podCount"=0
=== RUN   TestFindTopologyAssignments/block_required_for_podset;_host_required_for_slices;_select_domains_with_tight_fit;_BestFit
    tas_flavor.go:146: "level"=3 "msg"="Constructing TAS snapshot" "nodeLabels"={} "levels"=["cloud.com/topology-block" "cloud.com/topology-rack" "kubernetes.io/hostname"] "nodeCount"=3 "podCount"=0
=== RUN   TestFindTopologyAssignments/no_topology_for_podset;_host_required_for_slices;_BestFit
    tas_flavor.go:146: "level"=3 "msg"="Constructing TAS snapshot" "nodeLabels"={} "levels"=["cloud.com/topology-block" "cloud.com/topology-rack" "kubernetes.io/hostname"] "nodeCount"=3 "podCount"=0
=== RUN   TestFindTopologyAssignments/find_topology_assignment_for_two_podsets_with_the_same_group_requesting_same_resources_and_nodes_in_the_same_rack
    tas_flavor.go:146: "level"=3 "msg"="Constructing TAS snapshot" "nodeLabels"={} "levels"=["cloud.com/topology-block" "cloud.com/topology-rack" "kubernetes.io/hostname"] "nodeCount"=8 "podCount"=0
    tas_cache_test.go:5652: unexpected topology assignment (-want,+got):   scheduler.TASAssignmentsResult{
          	"leader": {TopologyAssignment: &{Levels: {"kubernetes.io/hostname"}, Domains: {{Values: {"x3"}, Count: 1}}}},
          	"workers": {
          		TopologyAssignment: &tas.TopologyAssignment{
          			Levels: {"kubernetes.io/hostname"},
          			Domains: []tas.TopologyDomainAssignment{
          				{
        - 					Values: []string{"x5"},
        + 					Values: []string{"x3"},
          					Count:  1,
          				},
        - 				{Values: []string{"x1"}, Count: 1},
          			},
          		},
          		FailureReason: "",
          	},
          }
=== RUN   TestFindTopologyAssignments/multiple_podsets:_block_required_for_one,_unconstrained_for_another;_LeastFreeCapacity
W1125 13:23:06.116337 3959256 feature_gate.go:350] Setting deprecated feature gate TASProfileLeastFreeCapacity=true. It will be removed in a future release.
    tas_flavor.go:146: "level"=3 "msg"="Constructing TAS snapshot" "nodeLabels"={} "levels"=["cloud.com/topology-block" "cloud.com/topology-rack" "kubernetes.io/hostname"] "nodeCount"=6 "podCount"=0
=== RUN   TestFindTopologyAssignments/block_required;_4_pods_fit_into_one_host_each;_BestFit
    tas_flavor.go:146: "level"=3 "msg"="Constructing TAS snapshot" "nodeLabels"={} "levels"=["cloud.com/topology-block" "cloud.com/topology-rack" "kubernetes.io/hostname"] "nodeCount"=8 "podCount"=0
=== RUN   TestFindTopologyAssignments/block_required;_single_Pod_fits_in_a_block_spread_across_two_racks;_BestFit
    tas_flavor.go:146: "level"=3 "msg"="Constructing TAS snapshot" "nodeLabels"={} "levels"=["cloud.com/topology-block" "cloud.com/topology-rack"] "nodeCount"=6 "podCount"=0
=== RUN   TestFindTopologyAssignments/block_required_for_podset;_host_required_for_slices;_LeastFreeCapacity
W1125 13:23:06.124817 3959256 feature_gate.go:350] Setting deprecated feature gate TASProfileLeastFreeCapacity=true. It will be removed in a future release.
    tas_flavor.go:146: "level"=3 "msg"="Constructing TAS snapshot" "nodeLabels"={} "levels"=["cloud.com/topology-block" "cloud.com/topology-rack" "kubernetes.io/hostname"] "nodeCount"=3 "podCount"=0
=== RUN   TestFindTopologyAssignments/balanced_placement;_basic
    tas_flavor.go:146: "level"=3 "msg"="Constructing TAS snapshot" "nodeLabels"={} "levels"=["cloud.com/topology-block" "cloud.com/topology-rack" "kubernetes.io/hostname"] "nodeCount"=2 "podCount"=0
=== RUN   TestFindTopologyAssignments/balanced_placement;_four_level_topology;_slice_one_level_below_balanced_level
    tas_flavor.go:146: "level"=3 "msg"="Constructing TAS snapshot" "nodeLabels"={} "levels"=["cloud.com/topology-block" "cloud.com/topology-subblock" "cloud.com/topology-rack" "kubernetes.io/hostname"] "nodeCount"=5 "podCount"=0
=== RUN   TestFindTopologyAssignments/find_topology_assignment_for_two_podsets_with_the_same_group_-_optimizes_domain_for_both_leader_and_workers
    tas_flavor.go:146: "level"=3 "msg"="Constructing TAS snapshot" "nodeLabels"={} "levels"=["cloud.com/topology-block"] "nodeCount"=2 "podCount"=0
    tas_cache_test.go:5652: unexpected topology assignment (-want,+got):   scheduler.TASAssignmentsResult{
          	"leader": {TopologyAssignment: &{Levels: {"cloud.com/topology-block"}, Domains: {{Values: {"b1"}, Count: 1}}}},
          	"workers": {
          		TopologyAssignment: &tas.TopologyAssignment{
          			Levels: {"cloud.com/topology-block"},
          			Domains: []tas.TopologyDomainAssignment{
          				{
          					Values: {"b1"},
        - 					Count:  4,
        + 					Count:  8,
          				},
          			},
          		},
          		FailureReason: "",
          	},
          }
=== RUN   TestFindTopologyAssignments/unconstrained;_6_pods_fit_into_hosts_scattered_across_the_whole_datacenter_even_they_could_fit_into_single_rack;_BestFit
    tas_flavor.go:146: "level"=3 "msg"="Constructing TAS snapshot" "nodeLabels"={} "levels"=["cloud.com/topology-block" "cloud.com/topology-rack" "kubernetes.io/hostname"] "nodeCount"=5 "podCount"=0
=== RUN   TestFindTopologyAssignments/rack_preferred;_but_only_multiple_blocks_can_accommodate_the_workload;_BestFit
    tas_flavor.go:146: "level"=3 "msg"="Constructing TAS snapshot" "nodeLabels"={} "levels"=["cloud.com/topology-block" "cloud.com/topology-rack"] "nodeCount"=6 "podCount"=0
=== RUN   TestFindTopologyAssignments/only_nodes_with_matching_labels_are_considered;_no_matching_node;_BestFit
    tas_flavor.go:146: "level"=3 "msg"="Constructing TAS snapshot" "nodeLabels"={"zone"="zone-b"} "levels"=["kubernetes.io/hostname"] "nodeCount"=0 "podCount"=0
=== RUN   TestFindTopologyAssignments/don't_consider_terminal_pods_when_computing_the_capacity;_BestFit
    tas_flavor.go:146: "level"=3 "msg"="Constructing TAS snapshot" "nodeLabels"={} "levels"=["kubernetes.io/hostname"] "nodeCount"=1 "podCount"=2
=== RUN   TestFindTopologyAssignments/balanced_placement;_select_correct_block;_prefer_blocks_with_single_rack;_with_slices
    tas_flavor.go:146: "level"=3 "msg"="Constructing TAS snapshot" "nodeLabels"={} "levels"=["cloud.com/topology-block" "cloud.com/topology-rack" "kubernetes.io/hostname"] "nodeCount"=4 "podCount"=0
=== RUN   TestFindTopologyAssignments/temporary_state_cleanup_prevents_leakage_across_PodSets
    tas_flavor.go:146: "level"=3 "msg"="Constructing TAS snapshot" "nodeLabels"={} "levels"=["kubernetes.io/hostname"] "nodeCount"=2 "podCount"=0
    tas_flavor_snapshot.go:1412: "level"=3 "msg"="excluding node that doesn't match nodeSelectors" "domainID"="x1" "nodeLabels"="kubernetes.io/hostname=x1"
    tas_flavor_snapshot.go:1412: "level"=3 "msg"="excluding node that doesn't match nodeSelectors" "domainID"="x2" "nodeLabels"="kubernetes.io/hostname=x2"
=== RUN   TestFindTopologyAssignments/minimize_resource_fragmentation;_LeastFreeCapacityFit
W1125 13:23:06.155339 3959256 feature_gate.go:350] Setting deprecated feature gate TASProfileLeastFreeCapacity=true. It will be removed in a future release.
    tas_flavor.go:146: "level"=3 "msg"="Constructing TAS snapshot" "nodeLabels"={} "levels"=["cloud.com/topology-block" "cloud.com/topology-rack" "kubernetes.io/hostname"] "nodeCount"=3 "podCount"=0
=== RUN   TestFindTopologyAssignments/block_required;_too_many_Pods_to_fit_requested;_BestFit
    tas_flavor.go:146: "level"=3 "msg"="Constructing TAS snapshot" "nodeLabels"={} "levels"=["cloud.com/topology-block" "cloud.com/topology-rack"] "nodeCount"=6 "podCount"=0
=== RUN   TestFindTopologyAssignments/allow_to_schedule_on_node_which_matches_node;_BestFit
    tas_flavor.go:146: "level"=3 "msg"="Constructing TAS snapshot" "nodeLabels"={"zone"="zone-a"} "levels"=["kubernetes.io/hostname"] "nodeCount"=2 "podCount"=0
    tas_flavor_snapshot.go:1412: "level"=3 "msg"="excluding node that doesn't match nodeSelectors" "domainID"="x3" "nodeLabels"="custom-label-1=value-1,kubernetes.io/hostname=x3,zone=zone-a"
=== RUN   TestFindTopologyAssignments/block_required_for_podset;_host_required_for_slices;_prioritize_more_free_slice_capacity_first_and_then_tight_fit;_BestFit
    tas_flavor.go:146: "level"=3 "msg"="Constructing TAS snapshot" "nodeLabels"={} "levels"=["cloud.com/topology-block" "cloud.com/topology-rack" "kubernetes.io/hostname"] "nodeCount"=4 "podCount"=0
=== RUN   TestFindTopologyAssignments/balanced_placement;_select_optmial_set_of_domains;_with_slices
    tas_flavor.go:146: "level"=3 "msg"="Constructing TAS snapshot" "nodeLabels"={} "levels"=["cloud.com/topology-block" "cloud.com/topology-rack" "kubernetes.io/hostname"] "nodeCount"=3 "podCount"=0
=== RUN   TestFindTopologyAssignments/balanced_placement;_prioritize_(using_entropy)_balanced_domains;_second_rack_wins
    tas_flavor.go:146: "level"=3 "msg"="Constructing TAS snapshot" "nodeLabels"={} "levels"=["cloud.com/topology-block" "cloud.com/topology-rack" "kubernetes.io/hostname"] "nodeCount"=5 "podCount"=0
=== RUN   TestFindTopologyAssignments/balanced_placement;_prioritize_(using_entropy)_balanced_domains;_first_rack_wins
    tas_flavor.go:146: "level"=3 "msg"="Constructing TAS snapshot" "nodeLabels"={} "levels"=["cloud.com/topology-block" "cloud.com/topology-rack" "kubernetes.io/hostname"] "nodeCount"=5 "podCount"=0
=== RUN   TestFindTopologyAssignments/no_topology_for_podset;_rack_required_for_slices;_multiple_blocks;_BestFit
    tas_flavor.go:146: "level"=3 "msg"="Constructing TAS snapshot" "nodeLabels"={} "levels"=["cloud.com/topology-block" "cloud.com/topology-rack" "kubernetes.io/hostname"] "nodeCount"=6 "podCount"=0
=== RUN   TestFindTopologyAssignments/minimize_the_number_of_used_racks_before_optimizing_the_number_of_nodes;_BestFit
    tas_flavor.go:146: "level"=3 "msg"="Constructing TAS snapshot" "nodeLabels"={} "levels"=["cloud.com/topology-block" "cloud.com/topology-rack" "kubernetes.io/hostname"] "nodeCount"=6 "podCount"=0
=== RUN   TestFindTopologyAssignments/host_preferred;_single_Pod_fits_in_the_largest_host;_LeastFreeCapacityFit
W1125 13:23:06.181881 3959256 feature_gate.go:350] Setting deprecated feature gate TASProfileLeastFreeCapacity=true. It will be removed in a future release.
    tas_flavor.go:146: "level"=3 "msg"="Constructing TAS snapshot" "nodeLabels"={} "levels"=["cloud.com/topology-block" "cloud.com/topology-rack" "kubernetes.io/hostname"] "nodeCount"=6 "podCount"=0
=== RUN   TestFindTopologyAssignments/rack_required;_multiple_Pods_fit_in_a_rack;_BestFit
    tas_flavor.go:146: "level"=3 "msg"="Constructing TAS snapshot" "nodeLabels"={} "levels"=["cloud.com/topology-block" "cloud.com/topology-rack"] "nodeCount"=6 "podCount"=0
=== RUN   TestFindTopologyAssignments/block_preferred_for_podset;_host_required_for_slices;_2_blocks_with_unbalanced_subdomains;_BestFit
    tas_flavor.go:146: "level"=3 "msg"="Constructing TAS snapshot" "nodeLabels"={} "levels"=["cloud.com/topology-block" "cloud.com/topology-rack" "kubernetes.io/hostname"] "nodeCount"=4 "podCount"=0
=== RUN   TestFindTopologyAssignments/slice_size_is_required_when_slice_topology_is_requested
    tas_flavor.go:146: "level"=3 "msg"="Constructing TAS snapshot" "nodeLabels"={} "levels"=["cloud.com/topology-block" "cloud.com/topology-rack" "kubernetes.io/hostname"] "nodeCount"=6 "podCount"=0
=== RUN   TestFindTopologyAssignments/multiple_podsets:_block_required_for_one,_unconstrained_for_another;_TASProfileMixed
    tas_flavor.go:146: "level"=3 "msg"="Constructing TAS snapshot" "nodeLabels"={} "levels"=["cloud.com/topology-block" "cloud.com/topology-rack" "kubernetes.io/hostname"] "nodeCount"=6 "podCount"=0
=== RUN   TestFindTopologyAssignments/rack_required;_multiple_Pods_fit_in_some_racks;_BestFit
    tas_flavor.go:146: "level"=3 "msg"="Constructing TAS snapshot" "nodeLabels"={} "levels"=["cloud.com/topology-block" "cloud.com/topology-rack"] "nodeCount"=6 "podCount"=0
=== RUN   TestFindTopologyAssignments/include_usage_from_running_non-TAS_pods,_found_free_capacity_on_another_node;_BestFit
    tas_flavor.go:146: "level"=3 "msg"="Constructing TAS snapshot" "nodeLabels"={} "levels"=["kubernetes.io/hostname"] "nodeCount"=2 "podCount"=1
=== RUN   TestFindTopologyAssignments/no_assignment_as_node_is_unschedulable;_BestFit
    tas_flavor.go:146: "level"=3 "msg"="Constructing TAS snapshot" "nodeLabels"={"zone"="zone-a"} "levels"=["kubernetes.io/hostname"] "nodeCount"=0 "podCount"=0
=== RUN   TestFindTopologyAssignments/block_required_for_podset;_host_required_for_slices;_optimize_last_domain;_BestFit
    tas_flavor.go:146: "level"=3 "msg"="Constructing TAS snapshot" "nodeLabels"={} "levels"=["cloud.com/topology-block" "cloud.com/topology-rack" "kubernetes.io/hostname"] "nodeCount"=3 "podCount"=0
=== RUN   TestFindTopologyAssignments/find_topology_assignment_for_two_podsets_with_the_same_group_with_domains_that_can_tightly_fit_leader_and_workers
    tas_flavor.go:146: "level"=3 "msg"="Constructing TAS snapshot" "nodeLabels"={} "levels"=["cloud.com/topology-block"] "nodeCount"=3 "podCount"=0
=== RUN   TestFindTopologyAssignments/multiple_podsets:_rack_required_for_both,_different_resource_requests;_BestFit
    tas_flavor.go:146: "level"=3 "msg"="Constructing TAS snapshot" "nodeLabels"={} "levels"=["cloud.com/topology-block" "cloud.com/topology-rack"] "nodeCount"=6 "podCount"=0
=== RUN   TestFindTopologyAssignments/unconstrained;_a_single_pod_fits_into_each_host;_LeastFreeCapacity;_TASProfileMixed
    tas_flavor.go:146: "level"=3 "msg"="Constructing TAS snapshot" "nodeLabels"={} "levels"=["cloud.com/topology-block" "cloud.com/topology-rack" "kubernetes.io/hostname"] "nodeCount"=6 "podCount"=0
=== RUN   TestFindTopologyAssignments/host_required;_single_Pod_fits_in_the_host;_BestFit;_TASProfileMixed
    tas_flavor.go:146: "level"=3 "msg"="Constructing TAS snapshot" "nodeLabels"={} "levels"=["cloud.com/topology-block" "cloud.com/topology-rack" "kubernetes.io/hostname"] "nodeCount"=6 "podCount"=0
=== RUN   TestFindTopologyAssignments/rack_required;_single_Pod_fits_in_a_rack;_BestFit
    tas_flavor.go:146: "level"=3 "msg"="Constructing TAS snapshot" "nodeLabels"={} "levels"=["cloud.com/topology-block" "cloud.com/topology-rack"] "nodeCount"=6 "podCount"=0
=== RUN   TestFindTopologyAssignments/block_preferred;_Pods_fit_in_2_blocks;_BestFit
    tas_flavor.go:146: "level"=3 "msg"="Constructing TAS snapshot" "nodeLabels"={} "levels"=["cloud.com/topology-block"] "nodeCount"=3 "podCount"=0
=== RUN   TestFindTopologyAssignments/block_required;_two_Pods_fits_in_a_block;_LeastFreeCapacityFit
W1125 13:23:06.225687 3959256 feature_gate.go:350] Setting deprecated feature gate TASProfileLeastFreeCapacity=true. It will be removed in a future release.
    tas_flavor.go:146: "level"=3 "msg"="Constructing TAS snapshot" "nodeLabels"={} "levels"=["cloud.com/topology-block" "cloud.com/topology-rack" "kubernetes.io/hostname"] "nodeCount"=6 "podCount"=0
=== RUN   TestFindTopologyAssignments/skip_node_which_has_untolerated_taint;_BestFit
    tas_flavor.go:146: "level"=3 "msg"="Constructing TAS snapshot" "nodeLabels"={"zone"="zone-a"} "levels"=["kubernetes.io/hostname"] "nodeCount"=1 "podCount"=0
    tas_flavor_snapshot.go:1394: "level"=3 "msg"="excluding node with untolerated taint" "domainID"="x3" "taint"={"key"="example.com/gpu" "value"="present" "effect"="NoSchedule"}
=== RUN   TestFindTopologyAssignments/block_preferred_for_podset;_rack_required_for_slices;_BestFit
    tas_flavor.go:146: "level"=3 "msg"="Constructing TAS snapshot" "nodeLabels"={} "levels"=["cloud.com/topology-block" "cloud.com/topology-rack" "kubernetes.io/hostname"] "nodeCount"=6 "podCount"=0
=== RUN   TestFindTopologyAssignments/block_preferred_for_podset;_host_required_for_slices;_LeastFreeCapacity
W1125 13:23:06.236208 3959256 feature_gate.go:350] Setting deprecated feature gate TASProfileLeastFreeCapacity=true. It will be removed in a future release.
    tas_flavor.go:146: "level"=3 "msg"="Constructing TAS snapshot" "nodeLabels"={} "levels"=["cloud.com/topology-block" "cloud.com/topology-rack" "kubernetes.io/hostname"] "nodeCount"=5 "podCount"=0
=== RUN   TestFindTopologyAssignments/host_required;_single_Pod_fits_in_the_host;_BestFit
    tas_flavor.go:146: "level"=3 "msg"="Constructing TAS snapshot" "nodeLabels"={} "levels"=["cloud.com/topology-block" "cloud.com/topology-rack" "kubernetes.io/hostname"] "nodeCount"=6 "podCount"=0
=== RUN   TestFindTopologyAssignments/rack_required;_too_many_pods_to_fit_in_any_rack;_BestFit
    tas_flavor.go:146: "level"=3 "msg"="Constructing TAS snapshot" "nodeLabels"={} "levels"=["cloud.com/topology-block" "cloud.com/topology-rack"] "nodeCount"=6 "podCount"=0
=== RUN   TestFindTopologyAssignments/don't_consider_unscheduled_Pods_when_computing_capacity;_BestFit
    tas_flavor.go:146: "level"=3 "msg"="Constructing TAS snapshot" "nodeLabels"={} "levels"=["kubernetes.io/hostname"] "nodeCount"=1 "podCount"=1
=== RUN   TestFindTopologyAssignments/skip_node_which_doesn't_match_node_selector,_missing_label;_BestFit
    tas_flavor.go:146: "level"=3 "msg"="Constructing TAS snapshot" "nodeLabels"={"zone"="zone-a"} "levels"=["kubernetes.io/hostname"] "nodeCount"=1 "podCount"=0
    tas_flavor_snapshot.go:1412: "level"=3 "msg"="excluding node that doesn't match nodeSelectors" "domainID"="x3" "nodeLabels"="kubernetes.io/hostname=x3,zone=zone-a"
=== RUN   TestFindTopologyAssignments/balanced_placement;_select_correct_block
    tas_flavor.go:146: "level"=3 "msg"="Constructing TAS snapshot" "nodeLabels"={} "levels"=["cloud.com/topology-block" "cloud.com/topology-rack" "kubernetes.io/hostname"] "nodeCount"=4 "podCount"=0
=== RUN   TestFindTopologyAssignments/balanced_placement;_three_level_topology;_balance_on_the_same_level_as_slice
    tas_flavor.go:146: "level"=3 "msg"="Constructing TAS snapshot" "nodeLabels"={} "levels"=["cloud.com/topology-block" "cloud.com/topology-rack" "kubernetes.io/hostname"] "nodeCount"=5 "podCount"=0
=== RUN   TestFindTopologyAssignments/balanced_placement;_two_level_topology;_balance_on_the_highest_level
    tas_flavor.go:146: "level"=3 "msg"="Constructing TAS snapshot" "nodeLabels"={} "levels"=["cloud.com/topology-rack" "kubernetes.io/hostname"] "nodeCount"=5 "podCount"=0
=== RUN   TestFindTopologyAssignments/block_required_for_podset;_rack_required_for_slices;_podset_fits_in_both_blocks,_but_slices_fit_in_only_one_block
    tas_flavor.go:146: "level"=3 "msg"="Constructing TAS snapshot" "nodeLabels"={} "levels"=["cloud.com/topology-block" "cloud.com/topology-rack" "kubernetes.io/hostname"] "nodeCount"=5 "podCount"=0
=== RUN   TestFindTopologyAssignments/include_usage_from_running_non-TAS_pods,_blocked_assignment;_BestFit
    tas_flavor.go:146: "level"=3 "msg"="Constructing TAS snapshot" "nodeLabels"={} "levels"=["kubernetes.io/hostname"] "nodeCount"=1 "podCount"=1
=== RUN   TestFindTopologyAssignments/balanced_placement;_leader_worker_set
    tas_flavor.go:146: "level"=3 "msg"="Constructing TAS snapshot" "nodeLabels"={} "levels"=["cloud.com/topology-block" "cloud.com/topology-rack" "kubernetes.io/hostname"] "nodeCount"=3 "podCount"=0
    tas_cache_test.go:5652: unexpected topology assignment (-want,+got):   scheduler.TASAssignmentsResult{
          	"leader": {TopologyAssignment: &{Levels: {"kubernetes.io/hostname"}, Domains: {{Values: {"x3"}, Count: 1}}}},
          	"workers": {
          		TopologyAssignment: &tas.TopologyAssignment{
          			Levels: {"kubernetes.io/hostname"},
          			Domains: []tas.TopologyDomainAssignment{
        - 				{Values: []string{"x2"}, Count: 15},
          				{Values: {"x3"}, Count: 10},
          			},
          		},
          		FailureReason: "",
          	},
          }
=== RUN   TestFindTopologyAssignments/slice_required_topology_level_cannot_be_above_the_main_required_topology_level
    tas_flavor.go:146: "level"=3 "msg"="Constructing TAS snapshot" "nodeLabels"={} "levels"=["cloud.com/topology-block" "cloud.com/topology-rack" "kubernetes.io/hostname"] "nodeCount"=6 "podCount"=0
=== RUN   TestFindTopologyAssignments/cannot_request_not_existing_slice_topology
    tas_flavor.go:146: "level"=3 "msg"="Constructing TAS snapshot" "nodeLabels"={} "levels"=["cloud.com/topology-block" "cloud.com/topology-rack" "kubernetes.io/hostname"] "nodeCount"=6 "podCount"=0
=== RUN   TestFindTopologyAssignments/find_topology_assignment_for_two_podsets_with_overlapping_domain
    tas_flavor.go:146: "level"=3 "msg"="Constructing TAS snapshot" "nodeLabels"={} "levels"=["cloud.com/topology-block"] "nodeCount"=3 "podCount"=0
=== RUN   TestFindTopologyAssignments/multiple_podsets:_rack_required_for_both,_different_resource_requests;_LeastFreeCapacity
W1125 13:23:06.278387 3959256 feature_gate.go:350] Setting deprecated feature gate TASProfileLeastFreeCapacity=true. It will be removed in a future release.
    tas_flavor.go:146: "level"=3 "msg"="Constructing TAS snapshot" "nodeLabels"={} "levels"=["cloud.com/topology-block" "cloud.com/topology-rack"] "nodeCount"=6 "podCount"=0
=== RUN   TestFindTopologyAssignments/unconstrained;_2_pods_fit_into_hosts_scattered_across_the_whole_datacenter_even_they_could_fit_into_single_rack;_LeastFreeCapacity
W1125 13:23:06.281003 3959256 feature_gate.go:350] Setting deprecated feature gate TASProfileLeastFreeCapacity=true. It will be removed in a future release.
    tas_flavor.go:146: "level"=3 "msg"="Constructing TAS snapshot" "nodeLabels"={} "levels"=["cloud.com/topology-block" "cloud.com/topology-rack" "kubernetes.io/hostname"] "nodeCount"=5 "podCount"=0
=== RUN   TestFindTopologyAssignments/host_required;_single_Pod_fits_in_the_largest_host;_LeastFreeCapacityFit
W1125 13:23:06.283533 3959256 feature_gate.go:350] Setting deprecated feature gate TASProfileLeastFreeCapacity=true. It will be removed in a future release.
    tas_flavor.go:146: "level"=3 "msg"="Constructing TAS snapshot" "nodeLabels"={} "levels"=["cloud.com/topology-block" "cloud.com/topology-rack" "kubernetes.io/hostname"] "nodeCount"=6 "podCount"=0
=== RUN   TestFindTopologyAssignments/host_preferred;_single_Pod_fits_in_the_host;_BestFit;_TASProfileMixed
    tas_flavor.go:146: "level"=3 "msg"="Constructing TAS snapshot" "nodeLabels"={} "levels"=["cloud.com/topology-block" "cloud.com/topology-rack" "kubernetes.io/hostname"] "nodeCount"=6 "podCount"=0
=== RUN   TestFindTopologyAssignments/block_required;_single_Pod_which_cannot_be_split;_BestFit
    tas_flavor.go:146: "level"=3 "msg"="Constructing TAS snapshot" "nodeLabels"={} "levels"=["cloud.com/topology-block" "cloud.com/topology-rack"] "nodeCount"=6 "podCount"=0
=== RUN   TestFindTopologyAssignments/rack_required;_single_Pod_requiring_memory;_BestFit
    tas_flavor.go:146: "level"=3 "msg"="Constructing TAS snapshot" "nodeLabels"={} "levels"=["cloud.com/topology-block" "cloud.com/topology-rack"] "nodeCount"=6 "podCount"=0
=== RUN   TestFindTopologyAssignments/no_assignment_as_node_is_not_ready;_BestFit
    tas_flavor.go:146: "level"=3 "msg"="Constructing TAS snapshot" "nodeLabels"={"zone"="zone-a"} "levels"=["kubernetes.io/hostname"] "nodeCount"=0 "podCount"=0
=== RUN   TestFindTopologyAssignments/balanced_placement;_three_level_topology;_balance_on_the_lowest_level
    tas_flavor.go:146: "level"=3 "msg"="Constructing TAS snapshot" "nodeLabels"={} "levels"=["cloud.com/topology-block" "cloud.com/topology-rack" "kubernetes.io/hostname"] "nodeCount"=5 "podCount"=0
=== RUN   TestFindTopologyAssignments/find_topology_assignment_for_two_podsets_with_the_same_group_-_leader_does_not_fit_anywhere
    tas_flavor.go:146: "level"=3 "msg"="Constructing TAS snapshot" "nodeLabels"={} "levels"=["cloud.com/topology-block"] "nodeCount"=2 "podCount"=0
=== RUN   TestFindTopologyAssignments/host_required;_single_Pod_fits_in_the_host;_LeastFreeCapacityFit
W1125 13:23:06.305475 3959256 feature_gate.go:350] Setting deprecated feature gate TASProfileLeastFreeCapacity=true. It will be removed in a future release.
    tas_flavor.go:146: "level"=3 "msg"="Constructing TAS snapshot" "nodeLabels"={} "levels"=["cloud.com/topology-block" "cloud.com/topology-rack" "kubernetes.io/hostname"] "nodeCount"=6 "podCount"=0
=== RUN   TestFindTopologyAssignments/rack_preferred;_multiple_Pods_fits_in_multiple_racks;_LeastFreeCapacityFit
W1125 13:23:06.308051 3959256 feature_gate.go:350] Setting deprecated feature gate TASProfileLeastFreeCapacity=true. It will be removed in a future release.
    tas_flavor.go:146: "level"=3 "msg"="Constructing TAS snapshot" "nodeLabels"={} "levels"=["cloud.com/topology-block" "cloud.com/topology-rack"] "nodeCount"=6 "podCount"=0
=== RUN   TestFindTopologyAssignments/block_required;_Pods_fit_in_a_block_spread_across_two_racks;_BestFit
    tas_flavor.go:146: "level"=3 "msg"="Constructing TAS snapshot" "nodeLabels"={} "levels"=["cloud.com/topology-block" "cloud.com/topology-rack"] "nodeCount"=6 "podCount"=0
=== RUN   TestFindTopologyAssignments/balanced_placement;_four_level_topology;_balance_on_rack_level;_slice_not_on_the_lowest_level
    tas_flavor.go:146: "level"=3 "msg"="Constructing TAS snapshot" "nodeLabels"={} "levels"=["cloud.com/topology-block" "cloud.com/topology-subblock" "cloud.com/topology-rack"] "nodeCount"=4 "podCount"=0
=== RUN   TestFindTopologyAssignments/no_topology_for_podset;_host_required_for_slices;_multiple_blocks;_BestFit
    tas_flavor.go:146: "level"=3 "msg"="Constructing TAS snapshot" "nodeLabels"={} "levels"=["cloud.com/topology-block" "cloud.com/topology-rack" "kubernetes.io/hostname"] "nodeCount"=5 "podCount"=0
--- FAIL: TestFindTopologyAssignments (0.30s)
    --- PASS: TestFindTopologyAssignments/unconstrained;_a_single_pod_fits_into_each_host;_BestFit (0.00s)
    --- PASS: TestFindTopologyAssignments/balanced_placement;_select_optmial_set_of_domains (0.00s)
    --- PASS: TestFindTopologyAssignments/balanced_placement;_cannot_chose_domains_from_different_blocks (0.00s)
    --- PASS: TestFindTopologyAssignments/balanced_placement;_four_level_topology;_slice_two_levels_below_balanced_level (0.00s)
    --- PASS: TestFindTopologyAssignments/block_required_for_podset;_rack_required_for_slices;_podset_fits_in_a_block,_but_slices_do_not_fit_in_racks (0.00s)
    --- PASS: TestFindTopologyAssignments/unconstrained;_a_single_pod_fits_into_each_host;_LeastFreeCapacity;_TASProfileLeastFreeCapacity (0.00s)
    --- PASS: TestFindTopologyAssignments/block_preferred;_but_only_multiple_blocks_can_accommodate_the_workload;_BestFit (0.00s)
    --- PASS: TestFindTopologyAssignments/allow_to_schedule_on_node_with_tolerated_taint;_BestFit (0.00s)
    --- PASS: TestFindTopologyAssignments/no_assignment_as_node_does_not_have_enough_allocatable_pods_(.status.allocatable['pods']);_BestFit (0.00s)
    --- PASS: TestFindTopologyAssignments/balanced_placement;_select_correct_block_taking_into_account_pruning (0.00s)
    --- FAIL: TestFindTopologyAssignments/balanced_placement;_should_not_prune_domain (0.00s)
    --- PASS: TestFindTopologyAssignments/choose_the_node_that_can_accommodate_all_Pods (0.00s)
    --- PASS: TestFindTopologyAssignments/rack_required;_single_Pod_fits_in_a_rack;_LeastFreeCapacityFit (0.00s)
    --- PASS: TestFindTopologyAssignments/block_required;_single_Pod_fits_in_a_block_and_a_single_rack;_BestFit (0.00s)
    --- PASS: TestFindTopologyAssignments/rack_preferred;_but_only_block_can_accommodate_the_workload;_BestFit (0.00s)
    --- PASS: TestFindTopologyAssignments/block_required_for_podset;_host_required_for_slices;_BestFit (0.00s)
    --- PASS: TestFindTopologyAssignments/block_required_for_podset;_rack_required_for_slices;_only_1_out_of_2_slices_fit_the_topology (0.00s)
    --- PASS: TestFindTopologyAssignments/no_annotation;_implied_default_to_unconstrained;_6_pods_fit_into_hosts_scattered_across_the_whole_datacenter_even_they_could_fit_into_single_rack;_BestFit (0.00s)
    --- PASS: TestFindTopologyAssignments/host_required;_no_single_host_fits_all_pods,_expect_notFitMessage;_LeastFreeCapacityFit (0.00s)
    --- PASS: TestFindTopologyAssignments/include_usage_from_pending_scheduled_non-TAS_pods,_blocked_assignment;_BestFit (0.00s)
    --- PASS: TestFindTopologyAssignments/skip_node_which_doesn't_match_node_selector,_label_exists,_value_doesn't_match;_BestFit (0.00s)
    --- PASS: TestFindTopologyAssignments/find_topology_assignment_for_two_podsets_with_the_same_group (0.00s)
    --- PASS: TestFindTopologyAssignments/find_topology_assignment_for_two_podsets_with_the_same_group_-_no_fit (0.00s)
    --- FAIL: TestFindTopologyAssignments/find_topology_assignment_for_two_podsets_with_the_same_group_-_multiple_hosts (0.00s)
    --- PASS: TestFindTopologyAssignments/multiple_podsets:_one_podset_fits,_one_does_not_due_to_insufficient_capacity;_LeastFreeCapacity (0.00s)
    --- PASS: TestFindTopologyAssignments/block_preferred;_but_the_workload_cannot_be_accommodate_in_entire_topology;_BestFit (0.00s)
    --- PASS: TestFindTopologyAssignments/only_nodes_with_matching_labels_are_considered;_matching_node_is_found;_BestFit (0.00s)
    --- PASS: TestFindTopologyAssignments/only_nodes_with_matching_levels_are_considered;_no_host_label_on_node;_BestFit (0.00s)
    --- PASS: TestFindTopologyAssignments/block_required_for_podset;_rack_required_for_slices;_BestFit (0.00s)
    --- PASS: TestFindTopologyAssignments/block_required;_single_Pod_fits_in_a_block;_LeastFreeCapacityFit (0.00s)
    --- PASS: TestFindTopologyAssignments/block_required_for_podset;_host_required_for_slices;_select_domains_with_tight_fit;_BestFit (0.00s)
    --- PASS: TestFindTopologyAssignments/no_topology_for_podset;_host_required_for_slices;_BestFit (0.00s)
    --- FAIL: TestFindTopologyAssignments/find_topology_assignment_for_two_podsets_with_the_same_group_requesting_same_resources_and_nodes_in_the_same_rack (0.00s)
    --- PASS: TestFindTopologyAssignments/multiple_podsets:_block_required_for_one,_unconstrained_for_another;_LeastFreeCapacity (0.00s)
    --- PASS: TestFindTopologyAssignments/block_required;_4_pods_fit_into_one_host_each;_BestFit (0.00s)
    --- PASS: TestFindTopologyAssignments/block_required;_single_Pod_fits_in_a_block_spread_across_two_racks;_BestFit (0.00s)
    --- PASS: TestFindTopologyAssignments/block_required_for_podset;_host_required_for_slices;_LeastFreeCapacity (0.00s)
    --- PASS: TestFindTopologyAssignments/balanced_placement;_basic (0.00s)
    --- PASS: TestFindTopologyAssignments/balanced_placement;_four_level_topology;_slice_one_level_below_balanced_level (0.00s)
    --- FAIL: TestFindTopologyAssignments/find_topology_assignment_for_two_podsets_with_the_same_group_-_optimizes_domain_for_both_leader_and_workers (0.00s)
    --- PASS: TestFindTopologyAssignments/unconstrained;_6_pods_fit_into_hosts_scattered_across_the_whole_datacenter_even_they_could_fit_into_single_rack;_BestFit (0.00s)
    --- PASS: TestFindTopologyAssignments/rack_preferred;_but_only_multiple_blocks_can_accommodate_the_workload;_BestFit (0.00s)
    --- PASS: TestFindTopologyAssignments/only_nodes_with_matching_labels_are_considered;_no_matching_node;_BestFit (0.00s)
    --- PASS: TestFindTopologyAssignments/don't_consider_terminal_pods_when_computing_the_capacity;_BestFit (0.00s)
    --- PASS: TestFindTopologyAssignments/balanced_placement;_select_correct_block;_prefer_blocks_with_single_rack;_with_slices (0.00s)
    --- PASS: TestFindTopologyAssignments/temporary_state_cleanup_prevents_leakage_across_PodSets (0.00s)
    --- PASS: TestFindTopologyAssignments/minimize_resource_fragmentation;_LeastFreeCapacityFit (0.00s)
    --- PASS: TestFindTopologyAssignments/block_required;_too_many_Pods_to_fit_requested;_BestFit (0.00s)
    --- PASS: TestFindTopologyAssignments/allow_to_schedule_on_node_which_matches_node;_BestFit (0.00s)
    --- PASS: TestFindTopologyAssignments/block_required_for_podset;_host_required_for_slices;_prioritize_more_free_slice_capacity_first_and_then_tight_fit;_BestFit (0.00s)
    --- PASS: TestFindTopologyAssignments/balanced_placement;_select_optmial_set_of_domains;_with_slices (0.00s)
    --- PASS: TestFindTopologyAssignments/balanced_placement;_prioritize_(using_entropy)_balanced_domains;_second_rack_wins (0.00s)
    --- PASS: TestFindTopologyAssignments/balanced_placement;_prioritize_(using_entropy)_balanced_domains;_first_rack_wins (0.00s)
    --- PASS: TestFindTopologyAssignments/no_topology_for_podset;_rack_required_for_slices;_multiple_blocks;_BestFit (0.00s)
    --- PASS: TestFindTopologyAssignments/minimize_the_number_of_used_racks_before_optimizing_the_number_of_nodes;_BestFit (0.00s)
    --- PASS: TestFindTopologyAssignments/host_preferred;_single_Pod_fits_in_the_largest_host;_LeastFreeCapacityFit (0.00s)
    --- PASS: TestFindTopologyAssignments/rack_required;_multiple_Pods_fit_in_a_rack;_BestFit (0.00s)
    --- PASS: TestFindTopologyAssignments/block_preferred_for_podset;_host_required_for_slices;_2_blocks_with_unbalanced_subdomains;_BestFit (0.00s)
    --- PASS: TestFindTopologyAssignments/slice_size_is_required_when_slice_topology_is_requested (0.00s)
    --- PASS: TestFindTopologyAssignments/multiple_podsets:_block_required_for_one,_unconstrained_for_another;_TASProfileMixed (0.00s)
    --- PASS: TestFindTopologyAssignments/rack_required;_multiple_Pods_fit_in_some_racks;_BestFit (0.00s)
    --- PASS: TestFindTopologyAssignments/include_usage_from_running_non-TAS_pods,_found_free_capacity_on_another_node;_BestFit (0.00s)
    --- PASS: TestFindTopologyAssignments/no_assignment_as_node_is_unschedulable;_BestFit (0.00s)
    --- PASS: TestFindTopologyAssignments/block_required_for_podset;_host_required_for_slices;_optimize_last_domain;_BestFit (0.00s)
    --- PASS: TestFindTopologyAssignments/find_topology_assignment_for_two_podsets_with_the_same_group_with_domains_that_can_tightly_fit_leader_and_workers (0.00s)
    --- PASS: TestFindTopologyAssignments/multiple_podsets:_rack_required_for_both,_different_resource_requests;_BestFit (0.00s)
    --- PASS: TestFindTopologyAssignments/unconstrained;_a_single_pod_fits_into_each_host;_LeastFreeCapacity;_TASProfileMixed (0.00s)
    --- PASS: TestFindTopologyAssignments/host_required;_single_Pod_fits_in_the_host;_BestFit;_TASProfileMixed (0.00s)
    --- PASS: TestFindTopologyAssignments/rack_required;_single_Pod_fits_in_a_rack;_BestFit (0.00s)
    --- PASS: TestFindTopologyAssignments/block_preferred;_Pods_fit_in_2_blocks;_BestFit (0.00s)
    --- PASS: TestFindTopologyAssignments/block_required;_two_Pods_fits_in_a_block;_LeastFreeCapacityFit (0.00s)
    --- PASS: TestFindTopologyAssignments/skip_node_which_has_untolerated_taint;_BestFit (0.00s)
    --- PASS: TestFindTopologyAssignments/block_preferred_for_podset;_rack_required_for_slices;_BestFit (0.00s)
    --- PASS: TestFindTopologyAssignments/block_preferred_for_podset;_host_required_for_slices;_LeastFreeCapacity (0.00s)
    --- PASS: TestFindTopologyAssignments/host_required;_single_Pod_fits_in_the_host;_BestFit (0.00s)
    --- PASS: TestFindTopologyAssignments/rack_required;_too_many_pods_to_fit_in_any_rack;_BestFit (0.00s)
    --- PASS: TestFindTopologyAssignments/don't_consider_unscheduled_Pods_when_computing_capacity;_BestFit (0.00s)
    --- PASS: TestFindTopologyAssignments/skip_node_which_doesn't_match_node_selector,_missing_label;_BestFit (0.00s)
    --- PASS: TestFindTopologyAssignments/balanced_placement;_select_correct_block (0.00s)
    --- PASS: TestFindTopologyAssignments/balanced_placement;_three_level_topology;_balance_on_the_same_level_as_slice (0.00s)
    --- PASS: TestFindTopologyAssignments/balanced_placement;_two_level_topology;_balance_on_the_highest_level (0.00s)
    --- PASS: TestFindTopologyAssignments/block_required_for_podset;_rack_required_for_slices;_podset_fits_in_both_blocks,_but_slices_fit_in_only_one_block (0.00s)
    --- PASS: TestFindTopologyAssignments/include_usage_from_running_non-TAS_pods,_blocked_assignment;_BestFit (0.00s)
    --- FAIL: TestFindTopologyAssignments/balanced_placement;_leader_worker_set (0.00s)
    --- PASS: TestFindTopologyAssignments/slice_required_topology_level_cannot_be_above_the_main_required_topology_level (0.00s)
    --- PASS: TestFindTopologyAssignments/cannot_request_not_existing_slice_topology (0.00s)
    --- PASS: TestFindTopologyAssignments/find_topology_assignment_for_two_podsets_with_overlapping_domain (0.00s)
    --- PASS: TestFindTopologyAssignments/multiple_podsets:_rack_required_for_both,_different_resource_requests;_LeastFreeCapacity (0.00s)
    --- PASS: TestFindTopologyAssignments/unconstrained;_2_pods_fit_into_hosts_scattered_across_the_whole_datacenter_even_they_could_fit_into_single_rack;_LeastFreeCapacity (0.00s)
    --- PASS: TestFindTopologyAssignments/host_required;_single_Pod_fits_in_the_largest_host;_LeastFreeCapacityFit (0.00s)
    --- PASS: TestFindTopologyAssignments/host_preferred;_single_Pod_fits_in_the_host;_BestFit;_TASProfileMixed (0.00s)
    --- PASS: TestFindTopologyAssignments/block_required;_single_Pod_which_cannot_be_split;_BestFit (0.00s)
    --- PASS: TestFindTopologyAssignments/rack_required;_single_Pod_requiring_memory;_BestFit (0.00s)
    --- PASS: TestFindTopologyAssignments/no_assignment_as_node_is_not_ready;_BestFit (0.00s)
    --- PASS: TestFindTopologyAssignments/balanced_placement;_three_level_topology;_balance_on_the_lowest_level (0.00s)
    --- PASS: TestFindTopologyAssignments/find_topology_assignment_for_two_podsets_with_the_same_group_-_leader_does_not_fit_anywhere (0.00s)
    --- PASS: TestFindTopologyAssignments/host_required;_single_Pod_fits_in_the_host;_LeastFreeCapacityFit (0.00s)
    --- PASS: TestFindTopologyAssignments/rack_preferred;_multiple_Pods_fits_in_multiple_racks;_LeastFreeCapacityFit (0.00s)
    --- PASS: TestFindTopologyAssignments/block_required;_Pods_fit_in_a_block_spread_across_two_racks;_BestFit (0.00s)
    --- PASS: TestFindTopologyAssignments/balanced_placement;_four_level_topology;_balance_on_rack_level;_slice_not_on_the_lowest_level (0.00s)
    --- PASS: TestFindTopologyAssignments/no_topology_for_podset;_host_required_for_slices;_multiple_blocks;_BestFit (0.00s)
=== RUN   TestFreeCapacityPerDomain
--- PASS: TestFreeCapacityPerDomain (0.00s)
=== RUN   TestMergeTopologyAssignments
=== RUN   TestMergeTopologyAssignments/topologies_with_different_domains,_all_a_before_b
=== RUN   TestMergeTopologyAssignments/topologies_with_different_domains,_all_b_before_a
=== RUN   TestMergeTopologyAssignments/topologies_with_different_domains,_mixed_order
=== RUN   TestMergeTopologyAssignments/topologies_with_different_and_the_same_domains,_mixed_order
=== RUN   TestMergeTopologyAssignments/topology_a_with_empty_domains
=== RUN   TestMergeTopologyAssignments/topology_b_with_empty_domain
--- PASS: TestMergeTopologyAssignments (0.00s)
    --- PASS: TestMergeTopologyAssignments/topologies_with_different_domains,_all_a_before_b (0.00s)
    --- PASS: TestMergeTopologyAssignments/topologies_with_different_domains,_all_b_before_a (0.00s)
    --- PASS: TestMergeTopologyAssignments/topologies_with_different_domains,_mixed_order (0.00s)
    --- PASS: TestMergeTopologyAssignments/topologies_with_different_and_the_same_domains,_mixed_order (0.00s)
    --- PASS: TestMergeTopologyAssignments/topology_a_with_empty_domains (0.00s)
    --- PASS: TestMergeTopologyAssignments/topology_b_with_empty_domain (0.00s)
=== RUN   TestHasLevel
=== RUN   TestHasLevel/topology_request_nil
=== RUN   TestHasLevel/topology_request_empty
=== RUN   TestHasLevel/required_–_invalid_level
=== RUN   TestHasLevel/preferred_–_invalid_level
=== RUN   TestHasLevel/unconstrained
=== RUN   TestHasLevel/slice-only
=== RUN   TestHasLevel/required
=== RUN   TestHasLevel/preferred
=== RUN   TestHasLevel/slice-only_–_invalid_level
--- PASS: TestHasLevel (0.00s)
    --- PASS: TestHasLevel/topology_request_nil (0.00s)
    --- PASS: TestHasLevel/topology_request_empty (0.00s)
    --- PASS: TestHasLevel/required_–_invalid_level (0.00s)
    --- PASS: TestHasLevel/preferred_–_invalid_level (0.00s)
    --- PASS: TestHasLevel/unconstrained (0.00s)
    --- PASS: TestHasLevel/slice-only (0.00s)
    --- PASS: TestHasLevel/required (0.00s)
    --- PASS: TestHasLevel/preferred (0.00s)
    --- PASS: TestHasLevel/slice-only_–_invalid_level (0.00s)
=== RUN   TestSortedDomainsWithNodeAvoidance
=== RUN   TestSortedDomainsWithNodeAvoidance/no_policy
=== RUN   TestSortedDomainsWithNodeAvoidance/prefer_no_unhealthy
=== RUN   TestSortedDomainsWithNodeAvoidance/disallow_unhealthy
--- PASS: TestSortedDomainsWithNodeAvoidance (0.00s)
    --- PASS: TestSortedDomainsWithNodeAvoidance/no_policy (0.00s)
    --- PASS: TestSortedDomainsWithNodeAvoidance/prefer_no_unhealthy (0.00s)
    --- PASS: TestSortedDomainsWithNodeAvoidance/disallow_unhealthy (0.00s)
FAIL
FAIL	sigs.k8s.io/kueue/pkg/cache/scheduler	1.013s
FAIL
